[Licensing::Module] Trying to connect to existing licensing client channel...
Built from '6000.5/staging' branch; Version is '6000.5.9f1 (b57deb96f08d) revision 11894251'; Using compiler version '194234433'; Build Type 'Release'
OS: 'Windows 11  (10.0.22631) Core' Language: 'en' Physical Memory: 6020 MB
BatchMode: 1, IsHumanControllingUs: 0, StartBugReporterOnCrash: 0, Is64bit: 1
System  architecture: x64
[Licensing::IpcConnector] Successfully connected to: "LicenseClient-jgsab" at "2026-08-28T23:00:45.1636923Z"
Process architecture: x64
Date: 2026-08-28T23:00:45Z

COMMAND LINE ARGUMENTS:
C:\Program Files\Unity\Hub\Editor\6000.5.9f1\Editor\Unity.exe
-adb2
-batchMode
-noUpm
-name
AssetImportWorkerHW1
-projectPath
C:/Users/jgsab/HHC Ting
-logFile
Logs/AssetImportWorkerHW1.log
-srvPort
62821
-parentPid
5280
-analyticsCloudUserId
2476032476482
-analyticsLocalProjectId
db2409ed0cdc31245b30233cbc447e78
-editorAnalyticsEnabled
1
-cbmEditorLicense
4b9072ff196b312676e6c1bed37290040a151ab7
-cbmMachineId
VqmNd7Jwr9UNY/XSK3F5Tmh/4fM=
-licensingIpc
LicenseClient-jgsab
-noDiagnosticSwitchPersistentStore
-job-worker-count
3
-background-job-worker-count
8
-asset-garbage-collectors
1
-force-d3d12
-name
AssetImport
Successfully changed project path to: C:/Users/jgsab/HHC Ting
C:/Users/jgsab/HHC Ting
[UnityMemory] Configuration Parameters - Can be set up in boot.config
    "memorysetup-temp-allocator-size-gi-baking-worker=262144"
    "memorysetup-temp-allocator-size-gi-baking-worker=262144"
    "memorysetup-temp-allocator-size-gi-baking-worker=262144"
    "memorysetup-temp-allocator-size-gi-baking-worker=262144"
    "memorysetup-temp-allocator-size-gi-baking-worker=262144"
    "memorysetup-temp-allocator-size-nav-mesh-worker=65536"
    "memorysetup-temp-allocator-size-audio-worker=65536"
    "memorysetup-temp-allocator-size-cloud-worker=32768"
    "memorysetup-temp-allocator-size-gfx=262144"
    "memorysetup-remapper-allocator-initial-capacity=32768"
    "memorysetup-temp-allocator-size-preload-manager=33554432"
    "memorysetup-allocator-temp-initial-block-size-main=262144"
    "memorysetup-allocator-temp-initial-block-size-worker=262144"
    "memorysetup-temp-allocator-size-job-worker=262144"
    "memorysetup-temp-allocator-size-background-worker=32768"
    "memorysetup-bucket-allocator-granularity=16"
    "memorysetup-bucket-allocator-bucket-count=8"
    "memorysetup-bucket-allocator-block-size=33554432"
    "memorysetup-bucket-allocator-block-count=8"
    "memorysetup-main-allocator-block-size=16777216"
    "memorysetup-thread-allocator-block-size=16777216"
    "memorysetup-main-allocator-mimalloc-enabled=0"
    "memorysetup-gfx-main-allocator-block-size=16777216"
    "memorysetup-gfx-thread-allocator-block-size=16777216"
    "memorysetup-cache-allocator-block-size=4194304"
    "memorysetup-typetree-allocator-block-size=2097152"
    "memorysetup-profiler-bucket-allocator-granularity=16"
    "memorysetup-profiler-bucket-allocator-bucket-count=8"
    "memorysetup-profiler-bucket-allocator-block-size=33554432"
    "memorysetup-profiler-bucket-allocator-block-count=8"
    "memorysetup-profiler-allocator-block-size=16777216"
    "memorysetup-profiler-editor-allocator-block-size=1048576"
    "memorysetup-temp-allocator-size-main=16777216"
    "memorysetup-job-temp-allocator-block-size=2097152"
    "memorysetup-job-temp-allocator-block-size-background=1048576"
    "memorysetup-job-temp-allocator-reduction-small-platforms=262144"
Player connection [12840]  Target information:

Player connection [12840]  * "[IP] 10.0.0.44 [Port] 0 [Flags] 2 [Guid] 2197445638 [EditorId] 2197445638 [Version] 1048832 [Id] WindowsEditor(7,LAPTOP-F2SHEH2U) [Debug] 1 [PackageName] WindowsEditor [ProjectName] Editor" 

Player connection [12840] Host joined multi-casting on [225.0.0.222:54997]...
Player connection [12840] Host joined alternative multi-casting on [225.0.0.222:34997]...
JobSystem: Creating JobQueue using job-worker-count value 3
Input System module state changed to: Initialized.
[Physics::Module] Initialized fallback backend.
[Physics::Module] Id: 0xdecafbad
Library Redirect Path: Library/
[Physics::Module] Selected backend.
[Physics::Module] Name: PhysX
[Physics::Module] Id: 0xf2b8ea05
[Physics::Module] SDK Version: 4.1.2
[Physics::Module] Integration Version: 1.0.0
[Physics::Module] Threading Mode: Multi-Threaded
Refreshing native plugins compatible for Editor in 49.81 ms, found 5 plugins.
Preloading 1 native plugins for Editor in 4.10 ms.
Initialize engine version: 6000.5.9f1 (b57deb96f08d)
[Subsystems] Discovering subsystems at path C:/Program Files/Unity/Hub/Editor/6000.5.9f1/Editor/Data/Resources/UnitySubsystems
[Subsystems] Discovering subsystems at path C:/Users/jgsab/HHC Ting/Assets
Forcing GfxDevice: Direct3D 12
GfxDevice: creating device client; kGfxThreadingModeNonThreaded
d3d12: failed to query info queue interface (0x80004002).
Direct3D:
    Version:         Direct3D 12 [level 12.1]
    Renderer:        AMD Radeon(TM) Vega 8 Graphics (ID=0x15d8)
    Vendor:          ATI
    VRAM:            3010 MB
    App VRAM Budget: 4539 MB
    Driver:          31.0.21024.2004
    Unified Memory Architecture
Initialize mono
Mono path[0] = 'C:/Program Files/Unity/Hub/Editor/6000.5.9f1/Editor/Data/Managed'
Mono path[1] = 'C:/Program Files/Unity/Hub/Editor/6000.5.9f1/Editor/Data/BCLExtensions/runtime/netstandard2.1'
Mono path[2] = 'C:/Program Files/Unity/Hub/Editor/6000.5.9f1/Editor/Data/MonoBleedingEdge/lib/mono/unityjit-win32'
Mono config path = 'C:/Program Files/Unity/Hub/Editor/6000.5.9f1/Editor/Data/MonoBleedingEdge/etc'
Using monoOptions --debugger-agent=transport=dt_socket,embedding=1,server=y,suspend=n,address=127.0.0.1:56536
CodeReloadManager initialized
Begin MonoManager ReloadAssembly
Registering precompiled unity dll's ...
Register platform support module: C:/Program Files/Unity/Hub/Editor/6000.5.9f1/Editor/Data/PlaybackEngines/WebGLSupport/UnityEditor.WebGL.Extensions.dll
Register platform support module: C:/Program Files/Unity/Hub/Editor/6000.5.9f1/Editor/Data/PlaybackEngines/WindowsStandaloneSupport/UnityEditor.WindowsStandalone.Extensions.dll
Registered in 0.008855 seconds.
Native extension for WindowsStandalone target not found
Native extension for WebGL target not found
[Licensing::Client] Error: HandshakeResponse reported an error:
	ResponseCode: 505
	ResponseStatus: Unsupported protocol version '1.18.3'.
[Licensing::Module] Error: Failed to handshake to channel: "LicenseClient-jgsab"
[Licensing::IpcConnector] LicenseClient-jgsab channel disconnected successfully.
[Licensing::IpcConnector] Successfully connected to: "LicenseClient-jgsab-6000.5.9" at "2026-08-28T23:00:49.4945317Z"
[Licensing::Client] Code 10 while verifying Licensing Client signature (process Id: 18820, path: "C:/Program Files/Unity/Hub/Editor/6000.5.9f1/Editor/Data/Resources/Licensing/Client/Unity.Licensing.Client.exe")
[Licensing::Module] LicensingClient has failed validation; ignoring
[Licensing::Client] Handshaking with LicensingClient:
  Version:                 1.18.3+d7ffd15
  Session Id:              2cbe29d97d9c4212a152dff9556abe33
  Correlation Id:          6e7ea4ecefd3280719909c4dcbbbedfe
  External correlation Id: 1436302579985794776
  Machine Id:              VqmNd7Jwr9UNY/XSK3F5Tmh/4fM=
[Licensing::Module] Successfully connected to LicensingClient on channel: "LicenseClient-jgsab-6000.5.9" (connect: 0.00s, validation: 0.03s, handshake: 0.03s)
[Licensing::IpcConnector] Successfully connected to: "LicenseClient-jgsab-6000.5.9-notifications" at "2026-08-28T23:00:49.5564674Z"
[Licensing::Module] Licensing Background thread has ended after 4.39s
Package Manager log level set to [2]
[Package Manager] Failed to launch server process. Reason: Unity was launched with the -noUpm command-line argument
[Package Manager] Unable to send message (not connected to server process).
[Package Manager] Cannot connect to Unity Package Manager local server
ScheduleIndexationOnStartup MainProcess:False IndexOnStartup:True
Mono: successfully reloaded assembly
- Finished resetting the current domain, in  1.868 seconds
Domain Reload Profiling: 3602ms
	BeginReloadAssembly (562ms)
		CreateAndSetChildDomain (6ms)
	RebuildCommonClasses (15ms)
	RebuildNativeTypeToScriptingClass (64ms)
	initialDomainReloadingComplete (238ms)
	LoadAllAssembliesAndSetupDomain (836ms)
		LoadAssemblies (552ms)
		AnalyzeDomain (622ms)
			TypeCache.Refresh (618ms)
				TypeCache.ScanAssembly (575ms)
	FinalizeReload (1887ms)
		SetupLoadedEditorAssemblies (0ms)
			InitializePlatformSupportModulesInManaged (6ms)
			BeforeProcessingInitializeOnLoad (206ms)
			ProcessInitializeOnLoadAttributes (235ms)
			ProcessInitializeOnLoadMethodAttributes (1038ms)
			EditorAssembliesLoaded (3ms)
Initializing Unity extensions:
[Licensing::Client] Successfully resolved entitlement details
[Licensing::Module] License group:
  Id: 2476032476482-UnityPersXXXX
  Product: Unity Personal
  Type: Assigned
  Expiration: Unlimited
========================================================================
Worker process is ready to serve import requests
Import Worker Mode flag is 0x00
Begin MonoManager ReloadAssembly
OutOfMemoryException: Out of memory
  at (wrapper managed-to-native) System.Object.__icall_wrapper_ves_icall_array_new_specific(intptr,int)
  at System.IO.MemoryStream..ctor (System.Int32 capacity) [0x00023] in <816f70bc2a9c4332b0bd119906a8d40e>:0 
  at (wrapper remoting-invoke-with-check) System.IO.MemoryStream..ctor(int)
  at Mono.Cecil.ModuleDefinition.ReadModule (System.String fileName, Mono.Cecil.ReaderParameters parameters) [0x0002e] in <4e339395f8074c75847e518298d9c5fd>:0 
  at Mono.Cecil.BaseAssemblyResolver.GetAssembly (System.String file, Mono.Cecil.ReaderParameters parameters) [0x0000f] in <4e339395f8074c75847e518298d9c5fd>:0 
  at Mono.Cecil.BaseAssemblyResolver.SearchDirectory (Mono.Cecil.AssemblyNameReference name, System.Collections.Generic.IEnumerable`1[T] directories, Mono.Cecil.ReaderParameters parameters) [0x00073] in <4e339395f8074c75847e518298d9c5fd>:0 
  at Mono.Cecil.BaseAssemblyResolver.Resolve (Mono.Cecil.AssemblyNameReference name, Mono.Cecil.ReaderParameters parameters) [0x0000c] in <4e339395f8074c75847e518298d9c5fd>:0 
  at Mono.Cecil.BaseAssemblyResolver.Resolve (Mono.Cecil.AssemblyNameReference name) [0x00007] in <4e339395f8074c75847e518298d9c5fd>:0 
  at UnityEditor.AssemblyValidation+AssemblyResolver.Resolve (Mono.Cecil.AssemblyNameReference name) [0x00025] in <f61864b98d514a7796d400c6975fc870>:0 
  at UnityEditor.AssemblyValidation.ResolveAndSetupReferences (System.Int32 index, UnityEditor.AssemblyValidation+Error[] errors, Mono.Cecil.AssemblyDefinition[] assemblyDefinitions, System.Collections.Generic.Dictionary`2[TKey,TValue] assemblyDefinitionNameToIndex, UnityEditor.AssemblyValidation+AssemblyAndReferences[] assemblyAndReferences, System.String assemblyPath) [0x00073] in <f61864b98d514a7796d400c6975fc870>:0 
  at UnityEditor.AssemblyValidation.CheckAssemblyReferences (System.String[] assemblyPaths, UnityEditor.AssemblyValidation+Error[] errors, Mono.Cecil.AssemblyDefinition[] assemblyDefinitions) [0x000e0] in <f61864b98d514a7796d400c6975fc870>:0 
  at UnityEditor.AssemblyValidation.ValidateAssemblyDefinitions (System.String[] assemblyPaths, Mono.Cecil.AssemblyDefinition[] assemblyDefinitions) [0x0003f] in <f61864b98d514a7796d400c6975fc870>:0 
  at UnityEditor.AssemblyValidation.ValidateAssemblies (System.String[] assemblyPaths, System.Boolean enableLogging) [0x00042] in <f61864b98d514a7796d400c6975fc870>:0 

Could not allocate memory: System out of memory!
Trying to allocate: 484368B with 16 alignment. MemoryLabel: ScriptingNativeRuntime
Allocation happened at: Line:406 in C:\build\output\unity\unity\Runtime\Scripting\ScriptingMemoryAllocator.h
Memory overview

[ ALLOC_MEMORYPROFILER ] used: 663688B &s| reserved: 767118335904B 
[ ALLOC_TEMP_TLS ] used: 511600B &s| reserved: 767118335904B 
[ ALLOC_DEFAULT ] used: 212815168B &s| reserved: 767118335904B 
[ ALLOC_TEMP_JOB_1_FRAME ] used: 0B &s| reserved: 767118335904B 
[ ALLOC_TEMP_JOB_2_FRAMES ] used: 0B &s| reserved: 767118335904B 
[ ALLOC_TEMP_JOB_4_FRAMES (JobTemp) ] used: 0B &s| reserved: 767118335904B 
[ ALLOC_TEMP_JOB_ASYNC (Background) ] used: 0B &s| reserved: 767118335904B 
[ ALLOC_GFX ] used: 1207336B &s| reserved: 767118335904B 
[ ALLOC_CACHEOBJECTS ] used: 10335728B &s| reserved: 767118335904B 
[ ALLOC_TYPETREE ] used: 386200B &s| reserved: 767118335904B 
[ ALLOC_PROFILER ] used: 41392B &s| reserved: 767118335904B 
[ ALLOC_PROFILER_EDITOR ] used: 0B &s| reserved: 767118335904B 
Could not allocate memory: System out of memory!
Trying to allocate: 484368B with 16 alignment. MemoryLabel: ScriptingNativeRuntime
Allocation happened at: Line:406 in C:\build\output\unity\unity\Runtime\Scripting\ScriptingMemoryAllocator.h
Memory overview

[ ALLOC_MEMORYPROFILER ] used: 663688B &s| reserved: 767118335904B 
[ ALLOC_TEMP_TLS ] used: 511600B &s| reserved: 767118335904B 
[ ALLOC_DEFAULT ] used: 212815168B &s| reserved: 767118335904B 
[ ALLOC_TEMP_JOB_1_FRAME ] used: 0B &s| reserved: 767118335904B 
[ ALLOC_TEMP_JOB_2_FRAMES ] used: 0B &s| reserved: 767118335904B 
[ ALLOC_TEMP_JOB_4_FRAMES (JobTemp) ] used: 0B &s| reserved: 767118335904B 
[ ALLOC_TEMP_JOB_ASYNC (Background) ] used: 0B &s| reserved: 767118335904B 
[ ALLOC_GFX ] used: 1207336B &s| reserved: 767118335904B 
[ ALLOC_CACHEOBJECTS ] used: 10335728B &s| reserved: 767118335904B 
[ ALLOC_TYPETREE ] used: 386200B &s| reserved: 767118335904B 
[ ALLOC_PROFILER ] used: 41392B &s| reserved: 767118335904B 
[ ALLOC_PROFILER_EDITOR ] used: 0B &s| reserved: 767118335904B 
Fatal Error! Could not allocate memory: System out of memory!
Trying to allocate: 484368B with 16 alignment. MemoryLabel: ScriptingNativeRuntime
Allocation happened at: Line:406 in C:\build\output\unity\unity\Runtime\Scripting\ScriptingMemoryAllocator.h
Memory overview

[ ALLOC_MEMORYPROFILER ] used: 663688B &s| reserved: 767118335904B 
[ ALLOC_TEMP_TLS ] used: 511600B &s| reserved: 767118335904B 
[ ALLOC_DEFAULT ] used: 212815168B &s| reserved: 767118335904B 
[ ALLOC_TEMP_JOB_1_FRAME ] used: 0B &s| reserved: 767118335904B 
[ ALLOC_TEMP_JOB_2_FRAMES ] used: 0B &s| reserved: 767118335904B 
[ ALLOC_TEMP_JOB_4_FRAMES (JobTemp) ] used: 0B &s| reserved: 767118335904B 
[ ALLOC_TEMP_JOB_ASYNC (Background) ] used: 0B &s| reserved: 767118335904B 
[ ALLOC_GFX ] used: 1207336B &s| reserved: 767118335904B 
[ ALLOC_CACHEOBJECTS ] used: 10335728B &s| reserved: 767118335904B 
[ ALLOC_TYPETREE ] used: 386200B &s| reserved: 767118335904B 
[ ALLOC_PROFILER ] used: 41392B &s| reserved: 767118335904B 
[ ALLOC_PROFILER_EDITOR ] used: 0B &s| reserved: 767118335904B 

Crash!!!
SymInit: Symbol-SearchPath: 'C:/Program Files/Unity/Hub/Editor/6000.5.9f1/Editor/Data/Mono;.;C:\Users\jgsab\HHC Ting;C:\Users\jgsab\HHC Ting\Library\BurstCache\JIT;C:\Program Files\Unity\Hub\Editor\6000.5.9f1\Editor;C:\WINDOWS;C:\WINDOWS\system32;', symOptions: 534, UserName: 'jgsab'
OS-Version: 10.0.0
C:\Program Files\Unity\Hub\Editor\6000.5.9f1\Editor\Unity.exe:Unity.exe (00007FF6EE640000), size: 290816 (result: 0), SymType: '-deferred-', PDB: '', fileVersion: 6000.5.9.32235
C:\WINDOWS\SYSTEM32\ntdll.dll:ntdll.dll (00007FFE90A10000), size: 2195456 (result: 0), SymType: '-deferred-', PDB: '', fileVersion: 10.0.22621.6060
C:\WINDOWS\System32\KERNEL32.DLL:KERNEL32.DLL (00007FFE8E770000), size: 802816 (result: 0), SymType: '-deferred-', PDB: '', fileVersion: 10.0.22621.5415
C:\WINDOWS\System32\KERNELBASE.dll:KERNELBASE.dll (00007FFE8E0E0000), size: 4009984 (result: 0), SymType: '-deferred-', PDB: '', fileVersion: 10.0.22621.6060
C:\WINDOWS\SYSTEM32\apphelp.dll:apphelp.dll (00007FFE87240000), size: 618496 (result: 0), SymType: '-deferred-', PDB: '', fileVersion: 10.0.22621.5983
C:\WINDOWS\System32\USER32.dll:USER32.dll (00007FFE8F9B0000), size: 1777664 (result: 0), SymType: '-deferred-', PDB: '', fileVersion: 10.0.22621.6199
C:\WINDOWS\System32\win32u.dll:win32u.dll (00007FFE8E0B0000), size: 155648 (result: 0), SymType: '-deferred-', PDB: '', fileVersion: 10.0.22621.6199
C:\WINDOWS\System32\GDI32.dll:GDI32.dll (00007FFE90800000), size: 167936 (result: 0), SymType: '-deferred-', PDB: '', fileVersion: 10.0.22621.5697
C:\WINDOWS\System32\gdi32full.dll:gdi32full.dll (00007FFE8DF90000), size: 1159168 (result: 0), SymType: '-deferred-', PDB: '', fileVersion: 10.0.22621.6133
C:\WINDOWS\System32\msvcp_win.dll:msvcp_win.dll (00007FFE8DCC0000), size: 630784 (result: 0), SymType: '-deferred-', PDB: '', fileVersion: 10.0.22621.3374
C:\WINDOWS\System32\ucrtbase.dll:ucrtbase.dll (00007FFE8DBA0000), size: 1118208 (result: 0), SymType: '-deferred-', PDB: '', fileVersion: 10.0.22621.3593
C:\WINDOWS\System32\IMM32.DLL:IMM32.DLL (00007FFE8E730000), size: 200704 (result: 0), SymType: '-deferred-', PDB: '', fileVersion: 10.0.22621.5697
C:\Program Files\Unity\Hub\Editor\6000.5.9f1\Editor\Unity.dll:Unity.dll (00007FFDBF1C0000), size: 99078144 (result: 0), SymType: '-deferred-', PDB: '', fileVersion: 6000.5.9.32235
C:\WINDOWS\System32\ADVAPI32.dll:ADVAPI32.dll (00007FFE8F0E0000), size: 724992 (result: 0), SymType: '-deferred-', PDB: '', fileVersion: 10.0.22621.5909
C:\Program Files\Unity\Hub\Editor\6000.5.9f1\Editor\libfbxsdk.dll:libfbxsdk.dll (00007FFDE06F0000), size: 8019968 (result: 0), SymType: '-deferred-', PDB: '', fileVersion: 2020.3.7.0
C:\Program Files\Unity\Hub\Editor\6000.5.9f1\Editor\SketchUpAPI.dll:SketchUpAPI.dll (00007FFE31BA0000), size: 24559616 (result: 0), SymType: '-deferred-', PDB: '', fileVersion: 26.0.0.0
C:\Program Files\Unity\Hub\Editor\6000.5.9f1\Editor\OpenRL.dll:OpenRL.dll (0000000180000000), size: 12779520 (result: 0), SymType: '-deferred-', PDB: '', fileVersion: 1.5.0.2907
C:\WINDOWS\System32\msvcrt.dll:msvcrt.dll (00007FFE8F6B0000), size: 684032 (result: 0), SymType: '-deferred-', PDB: '', fileVersion: 7.0.22621.2506
C:\WINDOWS\System32\sechost.dll:sechost.dll (00007FFE8F7D0000), size: 688128 (result: 0), SymType: '-deferred-', PDB: '', fileVersion: 10.0.22621.5909
C:\Program Files\Unity\Hub\Editor\6000.5.9f1\Editor\s3tcompress.dll:s3tcompress.dll (00007FFE7CC20000), size: 180224 (result: 0), SymType: '-deferred-', PDB: ''
C:\WINDOWS\System32\bcrypt.dll:bcrypt.dll (00007FFE8E4C0000), size: 163840 (result: 0), SymType: '-deferred-', PDB: '', fileVersion: 10.0.22621.4746
C:\WINDOWS\System32\RPCRT4.dll:RPCRT4.dll (00007FFE8F590000), size: 1146880 (result: 0), SymType: '-deferred-', PDB: '', fileVersion: 10.0.22621.5840
C:\Program Files\Unity\Hub\Editor\6000.5.9f1\Editor\etccompress.dll:etccompress.dll (00007FFE30660000), size: 5070848 (result: 0), SymType: '-deferred-', PDB: ''
C:\WINDOWS\System32\ole32.dll:ole32.dll (00007FFE901D0000), size: 1708032 (result: 0), SymType: '-deferred-', PDB: '', fileVersion: 10.0.22621.6199
C:\Program Files\Unity\Hub\Editor\6000.5.9f1\Editor\ispc_texcomp.dll:ispc_texcomp.dll (00007FFE75390000), size: 1826816 (result: 0), SymType: '-deferred-', PDB: ''
C:\WINDOWS\System32\combase.dll:combase.dll (00007FFE8F1A0000), size: 3739648 (result: 0), SymType: '-deferred-', PDB: '', fileVersion: 10.0.22621.6133
C:\WINDOWS\System32\SETUPAPI.dll:SETUPAPI.dll (00007FFE90380000), size: 4669440 (result: 0), SymType: '-deferred-', PDB: '', fileVersion: 10.0.22621.2506
C:\Program Files\Unity\Hub\Editor\6000.5.9f1\Editor\compress_bc7e.dll:compress_bc7e.dll (00007FFE76D80000), size: 1433600 (result: 0), SymType: '-deferred-', PDB: ''
C:\WINDOWS\System32\SHELL32.dll:SHELL32.dll (00007FFE8E840000), size: 9027584 (result: 0), SymType: '-deferred-', PDB: '', fileVersion: 10.0.22621.6133
C:\WINDOWS\System32\shcore.dll:shcore.dll (00007FFE8F880000), size: 1064960 (result: 0), SymType: '-deferred-', PDB: '', fileVersion: 10.0.22621.6133
C:\WINDOWS\System32\wintypes.dll:wintypes.dll (00007FFE8E570000), size: 1306624 (result: 0), SymType: '-deferred-', PDB: '', fileVersion: 10.0.22621.6133
C:\WINDOWS\System32\SHLWAPI.dll:SHLWAPI.dll (00007FFE8E6C0000), size: 430080 (result: 0), SymType: '-deferred-', PDB: '', fileVersion: 10.0.22621.5983
C:\Program Files\Unity\Hub\Editor\6000.5.9f1\Editor\WinPixEventRuntime.dll:WinPixEventRuntime.dll (00007FFE8AAA0000), size: 57344 (result: 0), SymType: '-deferred-', PDB: '', fileVersion: 1.0.2403.8001
C:\WINDOWS\System32\CRYPT32.dll:CRYPT32.dll (00007FFE8DD60000), size: 1474560 (result: 0), SymType: '-deferred-', PDB: '', fileVersion: 10.0.22621.5983
C:\WINDOWS\System32\WS2_32.dll:WS2_32.dll (00007FFE90950000), size: 462848 (result: 0), SymType: '-deferred-', PDB: '', fileVersion: 10.0.22621.4746
C:\Program Files\Unity\Hub\Editor\6000.5.9f1\Editor\umbraoptimizer64.dll:umbraoptimizer64.dll (00007FFE55FB0000), size: 1187840 (result: 0), SymType: '-deferred-', PDB: ''
C:\WINDOWS\System32\WINTRUST.dll:WINTRUST.dll (00007FFE8DB20000), size: 507904 (result: 0), SymType: '-deferred-', PDB: '', fileVersion: 10.0.22621.6060
C:\WINDOWS\SYSTEM32\MSVCP140.dll:MSVCP140.dll (00007FFE776D0000), size: 557056 (result: 0), SymType: '-deferred-', PDB: '', fileVersion: 14.50.35719.0
C:\WINDOWS\System32\OLEAUT32.dll:OLEAUT32.dll (00007FFE8FBA0000), size: 884736 (result: 0), SymType: '-deferred-', PDB: '', fileVersion: 10.0.22621.5697
C:\WINDOWS\SYSTEM32\VCRUNTIME140.dll:VCRUNTIME140.dll (00007FFE77910000), size: 122880 (result: 0), SymType: '-deferred-', PDB: '', fileVersion: 14.50.35719.0
C:\WINDOWS\SYSTEM32\VCRUNTIME140_1.dll:VCRUNTIME140_1.dll (00007FFE88EE0000), size: 45056 (result: 0), SymType: '-deferred-', PDB: '', fileVersion: 14.50.35719.0
C:\WINDOWS\WinSxS\amd64_microsoft.windows.common-controls_6595b64144ccf1df_6.0.22621.6060_none_2712eda17382d24b\COMCTL32.dll:COMCTL32.dll (00007FFE7D390000), size: 2736128 (result: 0), SymType: '-deferred-', PDB: '', fileVersion: 6.10.22621.6060
C:\WINDOWS\SYSTEM32\d3d12.dll:d3d12.dll (00007FFE004D0000), size: 155648 (result: 0), SymType: '-deferred-', PDB: '', fileVersion: 10.0.22621.5415
C:\WINDOWS\SYSTEM32\d3d11.dll:d3d11.dll (00007FFE85F60000), size: 2453504 (result: 0), SymType: '-deferred-', PDB: '', fileVersion: 10.0.22621.5415
C:\WINDOWS\SYSTEM32\dwmapi.dll:dwmapi.dll (00007FFE8B020000), size: 176128 (result: 0), SymType: '-deferred-', PDB: '', fileVersion: 10.0.22621.5697
C:\WINDOWS\SYSTEM32\dxgi.dll:dxgi.dll (00007FFE8AF10000), size: 1011712 (result: 0), SymType: '-deferred-', PDB: '', fileVersion: 10.0.22621.5415
C:\WINDOWS\SYSTEM32\IPHLPAPI.DLL:IPHLPAPI.DLL (00007FFE8C5A0000), size: 184320 (result: 0), SymType: '-deferred-', PDB: '', fileVersion: 10.0.22621.1
C:\WINDOWS\SYSTEM32\HID.DLL:HID.DLL (00007FFE8C340000), size: 57344 (result: 0), SymType: '-deferred-', PDB: '', fileVersion: 10.0.22621.1
C:\Program Files\Unity\Hub\Editor\6000.5.9f1\Editor\SketchUpCommonPreferences.dll:SketchUpCommonPreferences.dll (00007FFE75180000), size: 708608 (result: 0), SymType: '-deferred-', PDB: '', fileVersion: 26.0.0.0
C:\WINDOWS\SYSTEM32\OPENGL32.dll:OPENGL32.dll (00007FFE28170000), size: 1048576 (result: 0), SymType: '-deferred-', PDB: '', fileVersion: 10.0.22621.5415
C:\WINDOWS\SYSTEM32\VERSION.dll:VERSION.dll (00007FFE832C0000), size: 40960 (result: 0), SymType: '-deferred-', PDB: '', fileVersion: 10.0.22621.1
C:\WINDOWS\SYSTEM32\MSVCR100.dll:MSVCR100.dll (0000000055FA0000), size: 860160 (result: 0), SymType: '-deferred-', PDB: '', fileVersion: 10.0.40219.325
C:\Program Files\Unity\Hub\Editor\6000.5.9f1\Editor\embree.dll:embree.dll (00007FFDDF700000), size: 16711680 (result: 0), SymType: '-deferred-', PDB: '', fileVersion: 2.14.0.0
C:\WINDOWS\SYSTEM32\MSVCP100.dll:MSVCP100.dll (0000000055F00000), size: 622592 (result: 0), SymType: '-deferred-', PDB: '', fileVersion: 10.0.40219.325
C:\WINDOWS\SYSTEM32\dbghelp.dll:dbghelp.dll (00007FFE8B620000), size: 2306048 (result: 0), SymType: '-deferred-', PDB: '', fileVersion: 10.0.22621.5471
C:\WINDOWS\SYSTEM32\MSVCP140_CODECVT_IDS.dll:MSVCP140_CODECVT_IDS.dll (00007FFE856D0000), size: 28672 (result: 0), SymType: '-deferred-', PDB: '', fileVersion: 14.50.35719.0
C:\WINDOWS\SYSTEM32\WINMM.dll:WINMM.dll (00007FFE88880000), size: 212992 (result: 0), SymType: '-deferred-', PDB: '', fileVersion: 10.0.22621.5415
C:\WINDOWS\SYSTEM32\WINHTTP.dll:WINHTTP.dll (00007FFE88DB0000), size: 1228800 (result: 0), SymType: '-deferred-', PDB: '', fileVersion: 10.0.22621.4830
C:\WINDOWS\SYSTEM32\Secur32.dll:Secur32.dll (00007FFE8C8F0000), size: 49152 (result: 0), SymType: '-deferred-', PDB: '', fileVersion: 10.0.22621.1
C:\Program Files\Unity\Hub\Editor\6000.5.9f1\Editor\NativeProxyHelper.dll:NativeProxyHelper.dll (00007FFE4A3E0000), size: 1789952 (result: 0), SymType: '-deferred-', PDB: ''
C:\WINDOWS\SYSTEM32\WSOCK32.dll:WSOCK32.dll (00007FFE302F0000), size: 36864 (result: 0), SymType: '-deferred-', PDB: '', fileVersion: 10.0.22621.1
C:\WINDOWS\SYSTEM32\GLU32.dll:GLU32.dll (00007FFE60E80000), size: 184320 (result: 0), SymType: '-deferred-', PDB: '', fileVersion: 10.0.22621.2506
C:\Program Files\Unity\Hub\Editor\6000.5.9f1\Editor\tbb.dll:tbb.dll (00007FFE76550000), size: 303104 (result: 0), SymType: '-deferred-', PDB: '', fileVersion: 2020.3.2022.1111
C:\WINDOWS\SYSTEM32\dxcore.dll:dxcore.dll (00007FFE8AED0000), size: 225280 (result: 0), SymType: '-deferred-', PDB: '', fileVersion: 10.0.22621.5415
C:\Program Files\Unity\Hub\Editor\6000.5.9f1\Editor\FreeImage.dll:FreeImage.dll (0000022E6B430000), size: 5332992 (result: 0), SymType: '-deferred-', PDB: '', fileVersion: 3.18.0.0
C:\Program Files\Unity\Hub\Editor\6000.5.9f1\Editor\OpenRL_pthread.dll:OpenRL_pthread.dll (0000022E6B950000), size: 61440 (result: 0), SymType: '-deferred-', PDB: '', fileVersion: 2.9.0.0
C:\WINDOWS\SYSTEM32\cfgmgr32.DLL:cfgmgr32.DLL (00007FFE8D720000), size: 319488 (result: 0), SymType: '-deferred-', PDB: '', fileVersion: 10.0.22621.2506
C:\WINDOWS\SYSTEM32\SSPICLI.DLL:SSPICLI.DLL (00007FFE8CD60000), size: 274432 (result: 0), SymType: '-deferred-', PDB: '', fileVersion: 10.0.22621.5909
C:\WINDOWS\SYSTEM32\MSWSOCK.DLL:MSWSOCK.DLL (00007FFE8CFE0000), size: 430080 (result: 0), SymType: '-deferred-', PDB: '', fileVersion: 10.0.22621.5413
C:\WINDOWS\SYSTEM32\MSASN1.dll:MSASN1.dll (00007FFE8D290000), size: 73728 (result: 0), SymType: '-deferred-', PDB: '', fileVersion: 10.0.22621.2506
C:\WINDOWS\System32\bcryptprimitives.dll:bcryptprimitives.dll (00007FFE8E4F0000), size: 503808 (result: 0), SymType: '-deferred-', PDB: '', fileVersion: 10.0.22621.4317
C:\WINDOWS\SYSTEM32\kernel.appcore.dll:kernel.appcore.dll (00007FFE8CB00000), size: 98304 (result: 0), SymType: '-deferred-', PDB: '', fileVersion: 10.0.22621.3958
C:\WINDOWS\system32\uxtheme.dll:uxtheme.dll (00007FFE8ADC0000), size: 733184 (result: 0), SymType: '-deferred-', PDB: '', fileVersion: 10.0.22621.5983
C:\WINDOWS\SYSTEM32\windows.storage.dll:windows.storage.dll (00007FFE8BA20000), size: 9543680 (result: 0), SymType: '-deferred-', PDB: '', fileVersion: 10.0.22621.6133
C:\WINDOWS\SYSTEM32\profapi.dll:profapi.dll (00007FFE8DA50000), size: 151552 (result: 0), SymType: '-deferred-', PDB: '', fileVersion: 10.0.22621.5840
C:\WINDOWS\System32\clbcatq.dll:clbcatq.dll (00007FFE90120000), size: 720896 (result: 0), SymType: '-deferred-', PDB: '', fileVersion: 2001.12.10941.16384
C:\WINDOWS\SYSTEM32\CRYPTSP.dll:CRYPTSP.dll (00007FFE8D240000), size: 110592 (result: 0), SymType: '-deferred-', PDB: '', fileVersion: 10.0.22621.6060
C:\WINDOWS\system32\rsaenh.dll:rsaenh.dll (00007FFE8CA60000), size: 225280 (result: 0), SymType: '-deferred-', PDB: '', fileVersion: 10.0.22621.5624
C:\WINDOWS\system32\wbem\wbemprox.dll:wbemprox.dll (00007FFE71F70000), size: 65536 (result: 0), SymType: '-deferred-', PDB: '', fileVersion: 10.0.22621.3672
C:\WINDOWS\SYSTEM32\wbemcomn.dll:wbemcomn.dll (00007FFE71EF0000), size: 524288 (result: 0), SymType: '-deferred-', PDB: '', fileVersion: 10.0.22621.2506
C:\WINDOWS\SYSTEM32\CRYPTBASE.dll:CRYPTBASE.dll (00007FFE8D230000), size: 49152 (result: 0), SymType: '-deferred-', PDB: '', fileVersion: 10.0.22621.4746
C:\WINDOWS\system32\IconCodecService.dll:IconCodecService.dll (00007FFE5FC00000), size: 36864 (result: 0), SymType: '-deferred-', PDB: '', fileVersion: 10.0.22621.1
C:\WINDOWS\SYSTEM32\WindowsCodecs.dll:WindowsCodecs.dll (00007FFE8AB30000), size: 1777664 (result: 0), SymType: '-deferred-', PDB: '', fileVersion: 10.0.22621.6133
C:\WINDOWS\System32\imagehlp.dll:imagehlp.dll (00007FFE8F990000), size: 126976 (result: 0), SymType: '-deferred-', PDB: '', fileVersion: 10.0.22621.1
C:\WINDOWS\System32\netprofm.dll:netprofm.dll (00007FFE8A4D0000), size: 491520 (result: 0), SymType: '-deferred-', PDB: '', fileVersion: 10.0.22621.3527
C:\WINDOWS\System32\npmproxy.dll:npmproxy.dll (00007FFE85740000), size: 98304 (result: 0), SymType: '-deferred-', PDB: '', fileVersion: 10.0.22621.3527
C:\WINDOWS\system32\wbem\wbemsvc.dll:wbemsvc.dll (00007FFE70F00000), size: 81920 (result: 0), SymType: '-deferred-', PDB: '', fileVersion: 10.0.22621.3672
C:\WINDOWS\system32\wbem\fastprox.dll:fastprox.dll (00007FFE71000000), size: 1015808 (result: 0), SymType: '-deferred-', PDB: '', fileVersion: 10.0.22621.5415
C:\WINDOWS\SYSTEM32\amsi.dll:amsi.dll (00007FFE6F890000), size: 118784 (result: 0), SymType: '-deferred-', PDB: '', fileVersion: 10.0.22621.3527
C:\WINDOWS\SYSTEM32\USERENV.dll:USERENV.dll (00007FFE8D0D0000), size: 163840 (result: 0), SymType: '-deferred-', PDB: '', fileVersion: 10.0.22621.3527
C:\WINDOWS\SYSTEM32\gpapi.dll:gpapi.dll (00007FFE8D070000), size: 155648 (result: 0), SymType: '-deferred-', PDB: '', fileVersion: 10.0.22621.5840
C:\ProgramData\Microsoft\Windows Defender\Platform\4.18.26070.9-0\MpOav.dll:MpOav.dll (00007FFE6F7E0000), size: 667648 (result: 0), SymType: '-deferred-', PDB: '', fileVersion: 4.18.26070.9
C:\Windows\System32\cryptnet.dll:cryptnet.dll (00007FFE6E9C0000), size: 204800 (result: 0), SymType: '-deferred-', PDB: '', fileVersion: 10.0.22621.1
C:\WINDOWS\SYSTEM32\WINNSI.DLL:WINNSI.DLL (00007FFE8AD70000), size: 53248 (result: 0), SymType: '-deferred-', PDB: '', fileVersion: 10.0.22621.4746
C:\WINDOWS\System32\NSI.dll:NSI.dll (00007FFE8FB90000), size: 36864 (result: 0), SymType: '-deferred-', PDB: '', fileVersion: 10.0.22621.4746
C:\WINDOWS\SYSTEM32\dhcpcsvc6.DLL:dhcpcsvc6.DLL (00007FFE89620000), size: 102400 (result: 0), SymType: '-deferred-', PDB: '', fileVersion: 10.0.22621.2506
C:\WINDOWS\SYSTEM32\dhcpcsvc.DLL:dhcpcsvc.DLL (00007FFE89360000), size: 126976 (result: 0), SymType: '-deferred-', PDB: '', fileVersion: 10.0.22621.2506
C:\WINDOWS\SYSTEM32\DNSAPI.dll:DNSAPI.dll (00007FFE8C610000), size: 1015808 (result: 0), SymType: '-deferred-', PDB: '', fileVersion: 10.0.22621.5262
C:\WINDOWS\system32\napinsp.dll:napinsp.dll (00007FFE61CC0000), size: 94208 (result: 0), SymType: '-deferred-', PDB: '', fileVersion: 10.0.22621.1
C:\WINDOWS\system32\pnrpnsp.dll:pnrpnsp.dll (00007FFE61CA0000), size: 110592 (result: 0), SymType: '-deferred-', PDB: '', fileVersion: 10.0.22621.1
C:\WINDOWS\System32\winrnr.dll:winrnr.dll (00007FFE61C80000), size: 69632 (result: 0), SymType: '-deferred-', PDB: '', fileVersion: 10.0.22621.1
C:\WINDOWS\system32\wshbth.dll:wshbth.dll (00007FFE88190000), size: 86016 (result: 0), SymType: '-deferred-', PDB: '', fileVersion: 10.0.22621.5840
C:\WINDOWS\system32\nlansp_c.dll:nlansp_c.dll (00007FFE60EB0000), size: 135168 (result: 0), SymType: '-deferred-', PDB: '', fileVersion: 10.0.22621.5331
C:\WINDOWS\System32\fwpuclnt.dll:fwpuclnt.dll (00007FFE87E30000), size: 540672 (result: 0), SymType: '-deferred-', PDB: '', fileVersion: 10.0.22621.6133
C:\Windows\System32\rasadhlp.dll:rasadhlp.dll (00007FFE85360000), size: 40960 (result: 0), SymType: '-deferred-', PDB: '', fileVersion: 10.0.22621.6199
C:\Program Files\Unity\Hub\Editor\6000.5.9f1\Editor\AMDUnityPlugin.DLL:AMDUnityPlugin.DLL (00007FFDDEE90000), size: 8843264 (result: 0), SymType: '-deferred-', PDB: ''
C:\Program Files\Unity\Hub\Editor\6000.5.9f1\Editor\NVUnityPlugin.DLL:NVUnityPlugin.DLL (00007FFE46300000), size: 1646592 (result: 0), SymType: '-deferred-', PDB: ''
C:\Program Files\Unity\Hub\Editor\6000.5.9f1\Editor\Data\Tools\astcenc-avx2.dll:astcenc-avx2.dll (00007FFE76370000), size: 352256 (result: 0), SymType: '-deferred-', PDB: ''
C:\WINDOWS\System32\MMDevApi.dll:MMDevApi.dll (00007FFE7BA70000), size: 638976 (result: 0), SymType: '-deferred-', PDB: '', fileVersion: 10.0.22621.5547
C:\WINDOWS\System32\DEVOBJ.dll:DEVOBJ.dll (00007FFE8D6F0000), size: 180224 (result: 0), SymType: '-deferred-', PDB: '', fileVersion: 10.0.22621.2506
C:\Users\jgsab\HHC Ting\Library\PackageCache\com.unity.dt.app-ui@b097002a00c2\Runtime\Core\Platform\Windows\Plugins\x64\AppUINativePlugin.dll:AppUINativePlugin.dll (00007FFE88870000), size: 61440 (result: 0), SymType: '-deferred-', PDB: ''
C:\Windows\System32\Windows.UI.dll:Windows.UI.dll (00007FFE80130000), size: 1564672 (result: 0), SymType: '-deferred-', PDB: '', fileVersion: 10.0.22621.6133
C:\WINDOWS\SYSTEM32\directxdatabasehelper.dll:directxdatabasehelper.dll (00007FFE85050000), size: 299008 (result: 0), SymType: '-deferred-', PDB: '', fileVersion: 10.0.22621.5983
C:\Program Files\Unity\Hub\Editor\6000.5.9f1\Editor\D3D12\D3D12Core.dll:D3D12Core.dll (00007FFE21AA0000), size: 4780032 (result: 0), SymType: '-deferred-', PDB: '', fileVersion: 1.618.1.0
C:\WINDOWS\System32\DriverStore\FileRepository\u0395561.inf_amd64_44c8a302e7c98b63\B395243\amdxc64.dll:amdxc64.dll (00007FFD9B1E0000), size: 71876608 (result: 0), SymType: '-deferred-', PDB: '', fileVersion: 31.0.21024.2004
C:\WINDOWS\SYSTEM32\amdihk64.dll:amdihk64.dll (00007FFE81250000), size: 217088 (result: 0), SymType: '-deferred-', PDB: '', fileVersion: 2.0.0.1788
C:\WINDOWS\SYSTEM32\D3DSCache.dll:D3DSCache.dll (00007FFE81220000), size: 192512 (result: 0), SymType: '-deferred-', PDB: '', fileVersion: 10.0.22621.5415
C:\Program Files\Unity\Hub\Editor\6000.5.9f1\Editor\DirectML.dll:DirectML.dll (00007FFDBCB90000), size: 14061568 (result: 0), SymType: '-deferred-', PDB: '', fileVersion: 1.13.1.0
C:\WINDOWS\SYSTEM32\d3d11on12.dll:d3d11on12.dll (00007FFE4F760000), size: 577536 (result: 0), SymType: '-deferred-', PDB: '', fileVersion: 10.0.22621.2506
C:\WINDOWS\SYSTEM32\opencl.dll:opencl.dll (00007FFE00450000), size: 516096 (result: 0), SymType: '-deferred-', PDB: '', fileVersion: 3.0.1.0
C:\Program Files\Unity\Hub\Editor\6000.5.9f1\Editor\radeonrays.dll:radeonrays.dll (00007FFE4ED30000), size: 344064 (result: 0), SymType: '-deferred-', PDB: ''
C:\Program Files\Unity\Hub\Editor\6000.5.9f1\Editor\Data\MonoBleedingEdge\EmbedRuntime\mono-2.0-bdwgc.dll:mono-2.0-bdwgc.dll (00007FFDD0BA0000), size: 10760192 (result: 0), SymType: '-deferred-', PDB: ''

========== OUTPUTTING STACK TRACE ==================

0x00007FFE8E14055C (KERNELBASE) RaiseException
0x00007FFDC091F19D (Unity) udnSetPath
0x00007FFDC091FE97 (Unity) udnSetPath
0x00007FFDC28F1D78 (Unity) udnSetPath
0x00007FFDC28F1581 (Unity) udnSetPath
0x00007FFDC292B496 (Unity) udnSetPath
0x00007FFDC2924324 (Unity) udnSetPath
0x00007FFDC293121E (Unity) udnSetPath
0x00007FFDC212D918 (Unity) udnSetPath
0x00007FFDC212D04E (Unity) udnSetPath
0x00007FFDD0CEAC76 (mono-2.0-bdwgc) [C:\build\output\Unity-Technologies\mono\mono\metadata\image.c:2089] mono_image_open_from_data_with_name 
0x00007FFDC217CD4A (Unity) udnSetPath
0x00007FFDC217C772 (Unity) udnSetPath
0x00007FFDC217C413 (Unity) udnSetPath
0x00007FFDC217BAF2 (Unity) udnSetPath
0x00007FFDC217DF61 (Unity) udnSetPath
0x00007FFDC2175F74 (Unity) udnSetPath
0x00007FFDC0366077 (Unity) UnityMain
0x00007FFDBFB30FC3 (Unity) uds_set_stub_implementation
0x00007FFDBFB0936D (Unity) uds_set_stub_implementation
0x00007FFDBFA3141C (Unity) uds_set_stub_implementation
0x00007FFDBFA342B1 (Unity) uds_set_stub_implementation
0x00007FFDBFA39396 (Unity) uds_set_stub_implementation
0x00007FFDBFA2F1F6 (Unity) uds_set_stub_implementation
0x00007FFDBFB34F71 (Unity) uds_set_stub_implementation
0x00007FFDBFB3506B (Unity) uds_set_stub_implementation
0x00007FFDC07F57F8 (Unity) udnSetPath
0x00007FFDC00E9313 (Unity) UnityMain
0x00007FF6EE642F2A (Unity) __scrt_common_main_seh
SymInit: Symbol-SearchPath: 'C:/Program Files/Unity/Hub/Editor/6000.5.9f1/Editor/Data/Mono;.;C:\Users\jgsab\HHC Ting;C:\Users\jgsab\HHC Ting\Library\BurstCache\JIT;C:\Program Files\Unity\Hub\Editor\6000.5.9f1\Editor;C:\WINDOWS;C:\WINDOWS\system32;', symOptions: 534, UserName: 'jgsab'
OS-Version: 10.0.0
C:\Program Files\Unity\Hub\Editor\6000.5.9f1\Editor\Unity.exe:Unity.exe (00007FF6EE640000), size: 290816 (result: 0), SymType: 'PDB', PDB: 'C:\Program Files\Unity\Hub\Editor\6000.5.9f1\Editor\Unity_exe_x64.pdb', fileVersion: 6000.5.9.32235
C:\WINDOWS\SYSTEM32\ntdll.dll:ntdll.dll (00007FFE90A10000), size: 2195456 (result: 0), SymType: '-nosymbols-', PDB: 'C:\WINDOWS\SYSTEM32\ntdll.dll', fileVersion: 10.0.22621.6060
C:\WINDOWS\System32\KERNEL32.DLL:KERNEL32.DLL (00007FFE8E770000), size: 802816 (result: 0), SymType: '-nosymbols-', PDB: 'C:\WINDOWS\System32\KERNEL32.DLL', fileVersion: 10.0.22621.5415
C:\WINDOWS\System32\KERNELBASE.dll:KERNELBASE.dll (00007FFE8E0E0000), size: 4009984 (result: 0), SymType: '-exported-', PDB: 'C:\WINDOWS\System32\KERNELBASE.dll', fileVersion: 10.0.22621.6060
C:\WINDOWS\SYSTEM32\apphelp.dll:apphelp.dll (00007FFE87240000), size: 618496 (result: 0), SymType: '-exported-', PDB: 'C:\WINDOWS\SYSTEM32\apphelp.dll', fileVersion: 10.0.22621.5983
C:\WINDOWS\System32\USER32.dll:USER32.dll (00007FFE8F9B0000), size: 1777664 (result: 0), SymType: '-exported-', PDB: 'C:\WINDOWS\System32\USER32.dll', fileVersion: 10.0.22621.6199
C:\WINDOWS\System32\win32u.dll:win32u.dll (00007FFE8E0B0000), size: 155648 (result: 0), SymType: '-nosymbols-', PDB: 'C:\WINDOWS\System32\win32u.dll', fileVersion: 10.0.22621.6199
C:\WINDOWS\System32\GDI32.dll:GDI32.dll (00007FFE90800000), size: 167936 (result: 0), SymType: '-exported-', PDB: 'C:\WINDOWS\System32\GDI32.dll', fileVersion: 10.0.22621.5697
C:\WINDOWS\System32\gdi32full.dll:gdi32full.dll (00007FFE8DF90000), size: 1159168 (result: 0), SymType: '-exported-', PDB: 'C:\WINDOWS\System32\gdi32full.dll', fileVersion: 10.0.22621.6133
C:\WINDOWS\System32\msvcp_win.dll:msvcp_win.dll (00007FFE8DCC0000), size: 630784 (result: 0), SymType: '-exported-', PDB: 'C:\WINDOWS\System32\msvcp_win.dll', fileVersion: 10.0.22621.3374
C:\WINDOWS\System32\ucrtbase.dll:ucrtbase.dll (00007FFE8DBA0000), size: 1118208 (result: 0), SymType: '-nosymbols-', PDB: 'C:\WINDOWS\System32\ucrtbase.dll', fileVersion: 10.0.22621.3593
C:\WINDOWS\System32\IMM32.DLL:IMM32.DLL (00007FFE8E730000), size: 200704 (result: 0), SymType: '-nosymbols-', PDB: 'C:\WINDOWS\System32\IMM32.DLL', fileVersion: 10.0.22621.5697
C:\Program Files\Unity\Hub\Editor\6000.5.9f1\Editor\Unity.dll:Unity.dll (00007FFDBF1C0000), size: 99078144 (result: 0), SymType: '-exported-', PDB: 'C:\Program Files\Unity\Hub\Editor\6000.5.9f1\Editor\Unity.dll', fileVersion: 6000.5.9.32235
C:\WINDOWS\System32\ADVAPI32.dll:ADVAPI32.dll (00007FFE8F0E0000), size: 724992 (result: 0), SymType: '-exported-', PDB: 'C:\WINDOWS\System32\ADVAPI32.dll', fileVersion: 10.0.22621.5909
C:\Program Files\Unity\Hub\Editor\6000.5.9f1\Editor\libfbxsdk.dll:libfbxsdk.dll (00007FFDE06F0000), size: 8019968 (result: 0), SymType: '-nosymbols-', PDB: 'C:\Program Files\Unity\Hub\Editor\6000.5.9f1\Editor\libfbxsdk.dll', fileVersion: 2020.3.7.0
C:\Program Files\Unity\Hub\Editor\6000.5.9f1\Editor\SketchUpAPI.dll:SketchUpAPI.dll (00007FFE31BA0000), size: 24559616 (result: 0), SymType: '-exported-', PDB: 'C:\Program Files\Unity\Hub\Editor\6000.5.9f1\Editor\SketchUpAPI.dll', fileVersion: 26.0.0.0
C:\Program Files\Unity\Hub\Editor\6000.5.9f1\Editor\OpenRL.dll:OpenRL.dll (0000000180000000), size: 12779520 (result: 0), SymType: '-nosymbols-', PDB: 'C:\Program Files\Unity\Hub\Editor\6000.5.9f1\Editor\OpenRL.dll', fileVersion: 1.5.0.2907
C:\WINDOWS\System32\msvcrt.dll:msvcrt.dll (00007FFE8F6B0000), size: 684032 (result: 0), SymType: '-nosymbols-', PDB: 'C:\WINDOWS\System32\msvcrt.dll', fileVersion: 7.0.22621.2506
C:\WINDOWS\System32\sechost.dll:sechost.dll (00007FFE8F7D0000), size: 688128 (result: 0), SymType: '-exported-', PDB: 'C:\WINDOWS\System32\sechost.dll', fileVersion: 10.0.22621.5909
C:\Program Files\Unity\Hub\Editor\6000.5.9f1\Editor\s3tcompress.dll:s3tcompress.dll (00007FFE7CC20000), size: 180224 (result: 0), SymType: '-nosymbols-', PDB: 'C:\Program Files\Unity\Hub\Editor\6000.5.9f1\Editor\s3tcompress.dll'
C:\WINDOWS\System32\bcrypt.dll:bcrypt.dll (00007FFE8E4C0000), size: 163840 (result: 0), SymType: '-nosymbols-', PDB: 'C:\WINDOWS\System32\bcrypt.dll', fileVersion: 10.0.22621.4746
C:\WINDOWS\System32\RPCRT4.dll:RPCRT4.dll (00007FFE8F590000), size: 1146880 (result: 0), SymType: '-nosymbols-', PDB: 'C:\WINDOWS\System32\RPCRT4.dll', fileVersion: 10.0.22621.5840
C:\Program Files\Unity\Hub\Editor\6000.5.9f1\Editor\etccompress.dll:etccompress.dll (00007FFE30660000), size: 5070848 (result: 0), SymType: '-exported-', PDB: 'C:\Program Files\Unity\Hub\Editor\6000.5.9f1\Editor\etccompress.dll'
C:\WINDOWS\System32\ole32.dll:ole32.dll (00007FFE901D0000), size: 1708032 (result: 0), SymType: '-nosymbols-', PDB: 'C:\WINDOWS\System32\ole32.dll', fileVersion: 10.0.22621.6199
C:\Program Files\Unity\Hub\Editor\6000.5.9f1\Editor\ispc_texcomp.dll:ispc_texcomp.dll (00007FFE75390000), size: 1826816 (result: 0), SymType: '-nosymbols-', PDB: 'C:\Program Files\Unity\Hub\Editor\6000.5.9f1\Editor\ispc_texcomp.dll'
C:\WINDOWS\System32\combase.dll:combase.dll (00007FFE8F1A0000), size: 3739648 (result: 0), SymType: '-nosymbols-', PDB: 'C:\WINDOWS\System32\combase.dll', fileVersion: 10.0.22621.6133
C:\WINDOWS\System32\SETUPAPI.dll:SETUPAPI.dll (00007FFE90380000), size: 4669440 (result: 0), SymType: '-exported-', PDB: 'C:\WINDOWS\System32\SETUPAPI.dll', fileVersion: 10.0.22621.2506
C:\Program Files\Unity\Hub\Editor\6000.5.9f1\Editor\compress_bc7e.dll:compress_bc7e.dll (00007FFE76D80000), size: 1433600 (result: 0), SymType: '-exported-', PDB: 'C:\Program Files\Unity\Hub\Editor\6000.5.9f1\Editor\compress_bc7e.dll'
C:\WINDOWS\System32\SHELL32.dll:SHELL32.dll (00007FFE8E840000), size: 9027584 (result: 0), SymType: '-exported-', PDB: 'C:\WINDOWS\System32\SHELL32.dll', fileVersion: 10.0.22621.6133
C:\WINDOWS\System32\shcore.dll:shcore.dll (00007FFE8F880000), size: 1064960 (result: 0), SymType: '-exported-', PDB: 'C:\WINDOWS\System32\shcore.dll', fileVersion: 10.0.22621.6133
C:\WINDOWS\System32\wintypes.dll:wintypes.dll (00007FFE8E570000), size: 1306624 (result: 0), SymType: '-exported-', PDB: 'C:\WINDOWS\System32\wintypes.dll', fileVersion: 10.0.22621.6133
C:\WINDOWS\System32\SHLWAPI.dll:SHLWAPI.dll (00007FFE8E6C0000), size: 430080 (result: 0), SymType: '-exported-', PDB: 'C:\WINDOWS\System32\SHLWAPI.dll', fileVersion: 10.0.22621.5983
C:\Program Files\Unity\Hub\Editor\6000.5.9f1\Editor\WinPixEventRuntime.dll:WinPixEventRuntime.dll (00007FFE8AAA0000), size: 57344 (result: 0), SymType: '-exported-', PDB: 'C:\Program Files\Unity\Hub\Editor\6000.5.9f1\Editor\WinPixEventRuntime.dll', fileVersion: 1.0.2403.8001
C:\WINDOWS\System32\CRYPT32.dll:CRYPT32.dll (00007FFE8DD60000), size: 1474560 (result: 0), SymType: '-exported-', PDB: 'C:\WINDOWS\System32\CRYPT32.dll', fileVersion: 10.0.22621.5983
C:\WINDOWS\System32\WS2_32.dll:WS2_32.dll (00007FFE90950000), size: 462848 (result: 0), SymType: '-exported-', PDB: 'C:\WINDOWS\System32\WS2_32.dll', fileVersion: 10.0.22621.4746
C:\Program Files\Unity\Hub\Editor\6000.5.9f1\Editor\umbraoptimizer64.dll:umbraoptimizer64.dll (00007FFE55FB0000), size: 1187840 (result: 0), SymType: '-exported-', PDB: 'C:\Program Files\Unity\Hub\Editor\6000.5.9f1\Editor\umbraoptimizer64.dll'
C:\WINDOWS\System32\WINTRUST.dll:WINTRUST.dll (00007FFE8DB20000), size: 507904 (result: 0), SymType: '-exported-', PDB: 'C:\WINDOWS\System32\WINTRUST.dll', fileVersion: 10.0.22621.6060
C:\WINDOWS\SYSTEM32\MSVCP140.dll:MSVCP140.dll (00007FFE776D0000), size: 557056 (result: 0), SymType: '-exported-', PDB: 'C:\WINDOWS\SYSTEM32\MSVCP140.dll', fileVersion: 14.50.35719.0
C:\WINDOWS\System32\OLEAUT32.dll:OLEAUT32.dll (00007FFE8FBA0000), size: 884736 (result: 0), SymType: '-exported-', PDB: 'C:\WINDOWS\System32\OLEAUT32.dll', fileVersion: 10.0.22621.5697
C:\WINDOWS\SYSTEM32\VCRUNTIME140.dll:VCRUNTIME140.dll (00007FFE77910000), size: 122880 (result: 0), SymType: '-exported-', PDB: 'C:\WINDOWS\SYSTEM32\VCRUNTIME140.dll', fileVersion: 14.50.35719.0
C:\WINDOWS\SYSTEM32\VCRUNTIME140_1.dll:VCRUNTIME140_1.dll (00007FFE88EE0000), size: 45056 (result: 0), SymType: '-exported-', PDB: 'C:\WINDOWS\SYSTEM32\VCRUNTIME140_1.dll', fileVersion: 14.50.35719.0
C:\WINDOWS\WinSxS\amd64_microsoft.windows.common-controls_6595b64144ccf1df_6.0.22621.6060_none_2712eda17382d24b\COMCTL32.dll:COMCTL32.dll (00007FFE7D390000), size: 2736128 (result: 0), SymType: '-exported-', PDB: 'C:\WINDOWS\WinSxS\amd64_microsoft.windows.common-controls_6595b64144ccf1df_6.0.22621.6060_none_2712eda17382d24b\COMCTL32.dll', fileVersion: 6.10.22621.6060
C:\WINDOWS\SYSTEM32\d3d12.dll:d3d12.dll (00007FFE004D0000), size: 155648 (result: 0), SymType: '-exported-', PDB: 'C:\WINDOWS\SYSTEM32\d3d12.dll', fileVersion: 10.0.22621.5415
C:\WINDOWS\SYSTEM32\d3d11.dll:d3d11.dll (00007FFE85F60000), size: 2453504 (result: 0), SymType: '-exported-', PDB: 'C:\WINDOWS\SYSTEM32\d3d11.dll', fileVersion: 10.0.22621.5415
C:\WINDOWS\SYSTEM32\dwmapi.dll:dwmapi.dll (00007FFE8B020000), size: 176128 (result: 0), SymType: '-exported-', PDB: 'C:\WINDOWS\SYSTEM32\dwmapi.dll', fileVersion: 10.0.22621.5697
C:\WINDOWS\SYSTEM32\dxgi.dll:dxgi.dll (00007FFE8AF10000), size: 1011712 (result: 0), SymType: '-exported-', PDB: 'C:\WINDOWS\SYSTEM32\dxgi.dll', fileVersion: 10.0.22621.5415
C:\WINDOWS\SYSTEM32\IPHLPAPI.DLL:IPHLPAPI.DLL (00007FFE8C5A0000), size: 184320 (result: 0), SymType: '-exported-', PDB: 'C:\WINDOWS\SYSTEM32\IPHLPAPI.DLL', fileVersion: 10.0.22621.1
C:\WINDOWS\SYSTEM32\HID.DLL:HID.DLL (00007FFE8C340000), size: 57344 (result: 0), SymType: '-exported-', PDB: 'C:\WINDOWS\SYSTEM32\HID.DLL', fileVersion: 10.0.22621.1
C:\Program Files\Unity\Hub\Editor\6000.5.9f1\Editor\SketchUpCommonPreferences.dll:SketchUpCommonPreferences.dll (00007FFE75180000), size: 708608 (result: 0), SymType: '-exported-', PDB: 'C:\Program Files\Unity\Hub\Editor\6000.5.9f1\Editor\SketchUpCommonPreferences.dll', fileVersion: 26.0.0.0
C:\WINDOWS\SYSTEM32\OPENGL32.dll:OPENGL32.dll (00007FFE28170000), size: 1048576 (result: 0), SymType: '-exported-', PDB: 'C:\WINDOWS\SYSTEM32\OPENGL32.dll', fileVersion: 10.0.22621.5415
C:\WINDOWS\SYSTEM32\VERSION.dll:VERSION.dll (00007FFE832C0000), size: 40960 (result: 0), SymType: '-exported-', PDB: 'C:\WINDOWS\SYSTEM32\VERSION.dll', fileVersion: 10.0.22621.1
C:\WINDOWS\SYSTEM32\MSVCR100.dll:MSVCR100.dll (0000000055FA0000), size: 860160 (result: 0), SymType: '-exported-', PDB: 'C:\WINDOWS\SYSTEM32\MSVCR100.dll', fileVersion: 10.0.40219.325
C:\Program Files\Unity\Hub\Editor\6000.5.9f1\Editor\embree.dll:embree.dll (00007FFDDF700000), size: 16711680 (result: 0), SymType: '-exported-', PDB: 'C:\Program Files\Unity\Hub\Editor\6000.5.9f1\Editor\embree.dll', fileVersion: 2.14.0.0
C:\WINDOWS\SYSTEM32\MSVCP100.dll:MSVCP100.dll (0000000055F00000), size: 622592 (result: 0), SymType: '-exported-', PDB: 'C:\WINDOWS\SYSTEM32\MSVCP100.dll', fileVersion: 10.0.40219.325
C:\WINDOWS\SYSTEM32\dbghelp.dll:dbghelp.dll (00007FFE8B620000), size: 2306048 (result: 0), SymType: '-nosymbols-', PDB: 'C:\WINDOWS\SYSTEM32\dbghelp.dll', fileVersion: 10.0.22621.5471
C:\WINDOWS\SYSTEM32\MSVCP140_CODECVT_IDS.dll:MSVCP140_CODECVT_IDS.dll (00007FFE856D0000), size: 28672 (result: 0), SymType: '-nosymbols-', PDB: 'C:\WINDOWS\SYSTEM32\MSVCP140_CODECVT_IDS.dll', fileVersion: 14.50.35719.0
C:\WINDOWS\SYSTEM32\WINMM.dll:WINMM.dll (00007FFE88880000), size: 212992 (result: 0), SymType: '-nosymbols-', PDB: 'C:\WINDOWS\SYSTEM32\WINMM.dll', fileVersion: 10.0.22621.5415
C:\WINDOWS\SYSTEM32\WINHTTP.dll:WINHTTP.dll (00007FFE88DB0000), size: 1228800 (result: 0), SymType: '-exported-', PDB: 'C:\WINDOWS\SYSTEM32\WINHTTP.dll', fileVersion: 10.0.22621.4830
C:\WINDOWS\SYSTEM32\Secur32.dll:Secur32.dll (00007FFE8C8F0000), size: 49152 (result: 0), SymType: '-nosymbols-', PDB: 'C:\WINDOWS\SYSTEM32\Secur32.dll', fileVersion: 10.0.22621.1
C:\Program Files\Unity\Hub\Editor\6000.5.9f1\Editor\NativeProxyHelper.dll:NativeProxyHelper.dll (00007FFE4A3E0000), size: 1789952 (result: 0), SymType: '-nosymbols-', PDB: 'C:\Program Files\Unity\Hub\Editor\6000.5.9f1\Editor\NativeProxyHelper.dll'
C:\WINDOWS\SYSTEM32\WSOCK32.dll:WSOCK32.dll (00007FFE302F0000), size: 36864 (result: 0), SymType: '-nosymbols-', PDB: 'C:\WINDOWS\SYSTEM32\WSOCK32.dll', fileVersion: 10.0.22621.1
C:\WINDOWS\SYSTEM32\GLU32.dll:GLU32.dll (00007FFE60E80000), size: 184320 (result: 0), SymType: '-exported-', PDB: 'C:\WINDOWS\SYSTEM32\GLU32.dll', fileVersion: 10.0.22621.2506
C:\Program Files\Unity\Hub\Editor\6000.5.9f1\Editor\tbb.dll:tbb.dll (00007FFE76550000), size: 303104 (result: 0), SymType: '-exported-', PDB: 'C:\Program Files\Unity\Hub\Editor\6000.5.9f1\Editor\tbb.dll', fileVersion: 2020.3.2022.1111
C:\WINDOWS\SYSTEM32\dxcore.dll:dxcore.dll (00007FFE8AED0000), size: 225280 (result: 0), SymType: '-nosymbols-', PDB: 'C:\WINDOWS\SYSTEM32\dxcore.dll', fileVersion: 10.0.22621.5415
C:\Program Files\Unity\Hub\Editor\6000.5.9f1\Editor\FreeImage.dll:FreeImage.dll (0000022E6B430000), size: 5332992 (result: 0), SymType: '-nosymbols-', PDB: 'C:\Program Files\Unity\Hub\Editor\6000.5.9f1\Editor\FreeImage.dll', fileVersion: 3.18.0.0
C:\Program Files\Unity\Hub\Editor\6000.5.9f1\Editor\OpenRL_pthread.dll:OpenRL_pthread.dll (0000022E6B950000), size: 61440 (result: 0), SymType: '-nosymbols-', PDB: 'C:\Program Files\Unity\Hub\Editor\6000.5.9f1\Editor\OpenRL_pthread.dll', fileVersion: 2.9.0.0
C:\WINDOWS\SYSTEM32\cfgmgr32.DLL:cfgmgr32.DLL (00007FFE8D720000), size: 319488 (result: 0), SymType: '-exported-', PDB: 'C:\WINDOWS\SYSTEM32\cfgmgr32.DLL', fileVersion: 10.0.22621.2506
C:\WINDOWS\SYSTEM32\SSPICLI.DLL:SSPICLI.DLL (00007FFE8CD60000), size: 274432 (result: 0), SymType: '-nosymbols-', PDB: 'C:\WINDOWS\SYSTEM32\SSPICLI.DLL', fileVersion: 10.0.22621.5909
C:\WINDOWS\SYSTEM32\MSWSOCK.DLL:MSWSOCK.DLL (00007FFE8CFE0000), size: 430080 (result: 0), SymType: '-nosymbols-', PDB: 'C:\WINDOWS\SYSTEM32\MSWSOCK.DLL', fileVersion: 10.0.22621.5413
C:\WINDOWS\SYSTEM32\MSASN1.dll:MSASN1.dll (00007FFE8D290000), size: 73728 (result: 0), SymType: '-exported-', PDB: 'C:\WINDOWS\SYSTEM32\MSASN1.dll', fileVersion: 10.0.22621.2506
C:\WINDOWS\System32\bcryptprimitives.dll:bcryptprimitives.dll (00007FFE8E4F0000), size: 503808 (result: 0), SymType: '-exported-', PDB: 'C:\WINDOWS\System32\bcryptprimitives.dll', fileVersion: 10.0.22621.4317
C:\WINDOWS\SYSTEM32\kernel.appcore.dll:kernel.appcore.dll (00007FFE8CB00000), size: 98304 (result: 0), SymType: '-nosymbols-', PDB: 'C:\WINDOWS\SYSTEM32\kernel.appcore.dll', fileVersion: 10.0.22621.3958
C:\WINDOWS\system32\uxtheme.dll:uxtheme.dll (00007FFE8ADC0000), size: 733184 (result: 0), SymType: '-exported-', PDB: 'C:\WINDOWS\system32\uxtheme.dll', fileVersion: 10.0.22621.5983
C:\WINDOWS\SYSTEM32\windows.storage.dll:windows.storage.dll (00007FFE8BA20000), size: 9543680 (result: 0), SymType: '-nosymbols-', PDB: 'C:\WINDOWS\SYSTEM32\windows.storage.dll', fileVersion: 10.0.22621.6133
C:\WINDOWS\SYSTEM32\profapi.dll:profapi.dll (00007FFE8DA50000), size: 151552 (result: 0), SymType: '-nosymbols-', PDB: 'C:\WINDOWS\SYSTEM32\profapi.dll', fileVersion: 10.0.22621.5840
C:\WINDOWS\System32\clbcatq.dll:clbcatq.dll (00007FFE90120000), size: 720896 (result: 0), SymType: '-exported-', PDB: 'C:\WINDOWS\System32\clbcatq.dll', fileVersion: 2001.12.10941.16384
C:\WINDOWS\SYSTEM32\CRYPTSP.dll:CRYPTSP.dll (00007FFE8D240000), size: 110592 (result: 0), SymType: '-nosymbols-', PDB: 'C:\WINDOWS\SYSTEM32\CRYPTSP.dll', fileVersion: 10.0.22621.6060
C:\WINDOWS\system32\rsaenh.dll:rsaenh.dll (00007FFE8CA60000), size: 225280 (result: 0), SymType: '-nosymbols-', PDB: 'C:\WINDOWS\system32\rsaenh.dll', fileVersion: 10.0.22621.5624
C:\WINDOWS\system32\wbem\wbemprox.dll:wbemprox.dll (00007FFE71F70000), size: 65536 (result: 0), SymType: '-exported-', PDB: 'C:\WINDOWS\system32\wbem\wbemprox.dll', fileVersion: 10.0.22621.3672
C:\WINDOWS\SYSTEM32\wbemcomn.dll:wbemcomn.dll (00007FFE71EF0000), size: 524288 (result: 0), SymType: '-exported-', PDB: 'C:\WINDOWS\SYSTEM32\wbemcomn.dll', fileVersion: 10.0.22621.2506
C:\WINDOWS\SYSTEM32\CRYPTBASE.dll:CRYPTBASE.dll (00007FFE8D230000), size: 49152 (result: 0), SymType: '-nosymbols-', PDB: 'C:\WINDOWS\SYSTEM32\CRYPTBASE.dll', fileVersion: 10.0.22621.4746
C:\WINDOWS\system32\IconCodecService.dll:IconCodecService.dll (00007FFE5FC00000), size: 36864 (result: 0), SymType: '-nosymbols-', PDB: 'C:\WINDOWS\system32\IconCodecService.dll', fileVersion: 10.0.22621.1
C:\WINDOWS\SYSTEM32\WindowsCodecs.dll:WindowsCodecs.dll (00007FFE8AB30000), size: 1777664 (result: 0), SymType: '-exported-', PDB: 'C:\WINDOWS\SYSTEM32\WindowsCodecs.dll', fileVersion: 10.0.22621.6133
C:\WINDOWS\System32\imagehlp.dll:imagehlp.dll (00007FFE8F990000), size: 126976 (result: 0), SymType: '-nosymbols-', PDB: 'C:\WINDOWS\System32\imagehlp.dll', fileVersion: 10.0.22621.1
C:\WINDOWS\System32\netprofm.dll:netprofm.dll (00007FFE8A4D0000), size: 491520 (result: 0), SymType: '-nosymbols-', PDB: 'C:\WINDOWS\System32\netprofm.dll', fileVersion: 10.0.22621.3527
C:\WINDOWS\System32\npmproxy.dll:npmproxy.dll (00007FFE85740000), size: 98304 (result: 0), SymType: '-nosymbols-', PDB: 'C:\WINDOWS\System32\npmproxy.dll', fileVersion: 10.0.22621.3527
C:\WINDOWS\system32\wbem\wbemsvc.dll:wbemsvc.dll (00007FFE70F00000), size: 81920 (result: 0), SymType: '-nosymbols-', PDB: 'C:\WINDOWS\system32\wbem\wbemsvc.dll', fileVersion: 10.0.22621.3672
C:\WINDOWS\system32\wbem\fastprox.dll:fastprox.dll (00007FFE71000000), size: 1015808 (result: 0), SymType: '-exported-', PDB: 'C:\WINDOWS\system32\wbem\fastprox.dll', fileVersion: 10.0.22621.5415
C:\WINDOWS\SYSTEM32\amsi.dll:amsi.dll (00007FFE6F890000), size: 118784 (result: 0), SymType: '-nosymbols-', PDB: 'C:\WINDOWS\SYSTEM32\amsi.dll', fileVersion: 10.0.22621.3527
C:\WINDOWS\SYSTEM32\USERENV.dll:USERENV.dll (00007FFE8D0D0000), size: 163840 (result: 0), SymType: '-nosymbols-', PDB: 'C:\WINDOWS\SYSTEM32\USERENV.dll', fileVersion: 10.0.22621.3527
C:\WINDOWS\SYSTEM32\gpapi.dll:gpapi.dll (00007FFE8D070000), size: 155648 (result: 0), SymType: '-nosymbols-', PDB: 'C:\WINDOWS\SYSTEM32\gpapi.dll', fileVersion: 10.0.22621.5840
C:\ProgramData\Microsoft\Windows Defender\Platform\4.18.26070.9-0\MpOav.dll:MpOav.dll (00007FFE6F7E0000), size: 667648 (result: 0), SymType: '-nosymbols-', PDB: 'C:\ProgramData\Microsoft\Windows Defender\Platform\4.18.26070.9-0\MpOav.dll', fileVersion: 4.18.26070.9
C:\Windows\System32\cryptnet.dll:cryptnet.dll (00007FFE6E9C0000), size: 204800 (result: 0), SymType: '-nosymbols-', PDB: 'C:\Windows\System32\cryptnet.dll', fileVersion: 10.0.22621.1
C:\WINDOWS\SYSTEM32\WINNSI.DLL:WINNSI.DLL (00007FFE8AD70000), size: 53248 (result: 0), SymType: '-nosymbols-', PDB: 'C:\WINDOWS\SYSTEM32\WINNSI.DLL', fileVersion: 10.0.22621.4746
C:\WINDOWS\System32\NSI.dll:NSI.dll (00007FFE8FB90000), size: 36864 (result: 0), SymType: '-nosymbols-', PDB: 'C:\WINDOWS\System32\NSI.dll', fileVersion: 10.0.22621.4746
C:\WINDOWS\SYSTEM32\dhcpcsvc6.DLL:dhcpcsvc6.DLL (00007FFE89620000), size: 102400 (result: 0), SymType: '-nosymbols-', PDB: 'C:\WINDOWS\SYSTEM32\dhcpcsvc6.DLL', fileVersion: 10.0.22621.2506
C:\WINDOWS\SYSTEM32\dhcpcsvc.DLL:dhcpcsvc.DLL (00007FFE89360000), size: 126976 (result: 0), SymType: '-nosymbols-', PDB: 'C:\WINDOWS\SYSTEM32\dhcpcsvc.DLL', fileVersion: 10.0.22621.2506
C:\WINDOWS\SYSTEM32\DNSAPI.dll:DNSAPI.dll (00007FFE8C610000), size: 1015808 (result: 0), SymType: '-nosymbols-', PDB: 'C:\WINDOWS\SYSTEM32\DNSAPI.dll', fileVersion: 10.0.22621.5262
C:\WINDOWS\system32\napinsp.dll:napinsp.dll (00007FFE61CC0000), size: 94208 (result: 0), SymType: '-nosymbols-', PDB: 'C:\WINDOWS\system32\napinsp.dll', fileVersion: 10.0.22621.1
C:\WINDOWS\system32\pnrpnsp.dll:pnrpnsp.dll (00007FFE61CA0000), size: 110592 (result: 0), SymType: '-nosymbols-', PDB: 'C:\WINDOWS\system32\pnrpnsp.dll', fileVersion: 10.0.22621.1
C:\WINDOWS\System32\winrnr.dll:winrnr.dll (00007FFE61C80000), size: 69632 (result: 0), SymType: '-nosymbols-', PDB: 'C:\WINDOWS\System32\winrnr.dll', fileVersion: 10.0.22621.1
C:\WINDOWS\system32\wshbth.dll:wshbth.dll (00007FFE88190000), size: 86016 (result: 0), SymType: '-nosymbols-', PDB: 'C:\WINDOWS\system32\wshbth.dll', fileVersion: 10.0.22621.5840
C:\WINDOWS\system32\nlansp_c.dll:nlansp_c.dll (00007FFE60EB0000), size: 135168 (result: 0), SymType: '-nosymbols-', PDB: 'C:\WINDOWS\system32\nlansp_c.dll', fileVersion: 10.0.22621.5331
C:\WINDOWS\System32\fwpuclnt.dll:fwpuclnt.dll (00007FFE87E30000), size: 540672 (result: 0), SymType: '-nosymbols-', PDB: 'C:\WINDOWS\System32\fwpuclnt.dll', fileVersion: 10.0.22621.6133
C:\Windows\System32\rasadhlp.dll:rasadhlp.dll (00007FFE85360000), size: 40960 (result: 0), SymType: '-exported-', PDB: 'C:\Windows\System32\rasadhlp.dll', fileVersion: 10.0.22621.6199
C:\Program Files\Unity\Hub\Editor\6000.5.9f1\Editor\AMDUnityPlugin.DLL:AMDUnityPlugin.DLL (00007FFDDEE90000), size: 8843264 (result: 0), SymType: '-nosymbols-', PDB: 'C:\Program Files\Unity\Hub\Editor\6000.5.9f1\Editor\AMDUnityPlugin.DLL'
C:\Program Files\Unity\Hub\Editor\6000.5.9f1\Editor\NVUnityPlugin.DLL:NVUnityPlugin.DLL (00007FFE46300000), size: 1646592 (result: 0), SymType: '-nosymbols-', PDB: 'C:\Program Files\Unity\Hub\Editor\6000.5.9f1\Editor\NVUnityPlugin.DLL'
C:\Program Files\Unity\Hub\Editor\6000.5.9f1\Editor\Data\Tools\astcenc-avx2.dll:astcenc-avx2.dll (00007FFE76370000), size: 352256 (result: 0), SymType: '-nosymbols-', PDB: 'C:\Program Files\Unity\Hub\Editor\6000.5.9f1\Editor\Data\Tools\astcenc-avx2.dll'
C:\WINDOWS\System32\MMDevApi.dll:MMDevApi.dll (00007FFE7BA70000), size: 638976 (result: 0), SymType: '-nosymbols-', PDB: 'C:\WINDOWS\System32\MMDevApi.dll', fileVersion: 10.0.22621.5547
C:\WINDOWS\System32\DEVOBJ.dll:DEVOBJ.dll (00007FFE8D6F0000), size: 180224 (result: 0), SymType: '-nosymbols-', PDB: 'C:\WINDOWS\System32\DEVOBJ.dll', fileVersion: 10.0.22621.2506
C:\Users\jgsab\HHC Ting\Library\PackageCache\com.unity.dt.app-ui@b097002a00c2\Runtime\Core\Platform\Windows\Plugins\x64\AppUINativePlugin.dll:AppUINativePlugin.dll (00007FFE88870000), size: 61440 (result: 0), SymType: '-nosymbols-', PDB: 'C:\Users\jgsab\HHC Ting\Library\PackageCache\com.unity.dt.app-ui@b097002a00c2\Runtime\Core\Platform\Windows\Plugins\x64\AppUINativePlugin.dll'
C:\Windows\System32\Windows.UI.dll:Windows.UI.dll (00007FFE80130000), size: 1564672 (result: 0), SymType: '-nosymbols-', PDB: 'C:\Windows\System32\Windows.UI.dll', fileVersion: 10.0.22621.6133
C:\WINDOWS\SYSTEM32\directxdatabasehelper.dll:directxdatabasehelper.dll (00007FFE85050000), size: 299008 (result: 0), SymType: '-nosymbols-', PDB: 'C:\WINDOWS\SYSTEM32\directxdatabasehelper.dll', fileVersion: 10.0.22621.5983
C:\Program Files\Unity\Hub\Editor\6000.5.9f1\Editor\D3D12\D3D12Core.dll:D3D12Core.dll (00007FFE21AA0000), size: 4780032 (result: 0), SymType: '-nosymbols-', PDB: 'C:\Program Files\Unity\Hub\Editor\6000.5.9f1\Editor\D3D12\D3D12Core.dll', fileVersion: 1.618.1.0
C:\WINDOWS\System32\DriverStore\FileRepository\u0395561.inf_amd64_44c8a302e7c98b63\B395243\amdxc64.dll:amdxc64.dll (00007FFD9B1E0000), size: 71876608 (result: 0), SymType: '-nosymbols-', PDB: 'C:\WINDOWS\System32\DriverStore\FileRepository\u0395561.inf_amd64_44c8a302e7c98b63\B395243\amdxc64.dll', fileVersion: 31.0.21024.2004
C:\WINDOWS\SYSTEM32\amdihk64.dll:amdihk64.dll (00007FFE81250000), size: 217088 (result: 0), SymType: '-nosymbols-', PDB: 'C:\WINDOWS\SYSTEM32\amdihk64.dll', fileVersion: 2.0.0.1788
C:\WINDOWS\SYSTEM32\D3DSCache.dll:D3DSCache.dll (00007FFE81220000), size: 192512 (result: 0), SymType: '-nosymbols-', PDB: 'C:\WINDOWS\SYSTEM32\D3DSCache.dll', fileVersion: 10.0.22621.5415
C:\Program Files\Unity\Hub\Editor\6000.5.9f1\Editor\DirectML.dll:DirectML.dll (00007FFDBCB90000), size: 14061568 (result: 0), SymType: '-nosymbols-', PDB: 'C:\Program Files\Unity\Hub\Editor\6000.5.9f1\Editor\DirectML.dll', fileVersion: 1.13.1.0
C:\WINDOWS\SYSTEM32\d3d11on12.dll:d3d11on12.dll (00007FFE4F760000), size: 577536 (result: 0), SymType: '-nosymbols-', PDB: 'C:\WINDOWS\SYSTEM32\d3d11on12.dll', fileVersion: 10.0.22621.2506
C:\WINDOWS\SYSTEM32\opencl.dll:opencl.dll (00007FFE00450000), size: 516096 (result: 0), SymType: '-nosymbols-', PDB: 'C:\WINDOWS\SYSTEM32\opencl.dll', fileVersion: 3.0.1.0
C:\Program Files\Unity\Hub\Editor\6000.5.9f1\Editor\radeonrays.dll:radeonrays.dll (00007FFE4ED30000), size: 344064 (result: 0), SymType: '-nosymbols-', PDB: 'C:\Program Files\Unity\Hub\Editor\6000.5.9f1\Editor\radeonrays.dll'
C:\Program Files\Unity\Hub\Editor\6000.5.9f1\Editor\Data\MonoBleedingEdge\EmbedRuntime\mono-2.0-bdwgc.dll:mono-2.0-bdwgc.dll (00007FFDD0BA0000), size: 10760192 (result: 0), SymType: 'PDB', PDB: 'C:\Program Files\Unity\Hub\Editor\6000.5.9f1\Editor\mono-2.0-bdwgc.pdb'
C:\WINDOWS\System32\psapi.dll:psapi.dll (00007FFE90830000), size: 32768 (result: 0), SymType: '-deferred-', PDB: '', fileVersion: 10.0.22621.1
  ERROR: SymGetSymFromAddr64, GetLastError: 'Attempt to access invalid address.' (Address: 00007FFE8E78259D)
0x00007FFE8E78259D (KERNEL32) (function-name not available)
  ERROR: SymGetSymFromAddr64, GetLastError: 'Attempt to access invalid address.' (Address: 00007FFE90A6AF78)
0x00007FFE90A6AF78 (ntdll) (function-name not available)

========== END OF STACKTRACE ===========

A crash has been intercepted by the crash handler. For call stack and other details, see the latest crash report generated in:
 * C:/Users/jgsab/AppData/Local/Temp/Unity/Editor/Crashes
