[2026-08-28T22:06:17.801Z][INFO] Command-line: 'C:\\Program Files\\Unity\\Hub\\Editor\\6000.5.9f1\\Editor\\Data\\Resources\\PackageManager\\Server\\UnityPackageManager.exe' server -s 5280 --ipc-path Unity-Upm-5280 -l 2 --log-file 'C:\\Users\\jgsab\\HHC Ting/Logs/upm.log'
[2026-08-28T22:06:17.915Z][INFO] IPC server started (IPC path=Unity-Upm-5280).
[2026-08-28T22:06:17.916Z][INFO] Hint: To connect to this UPM instance, launch Unity with the command-line parameter -upmIpcPath Upm-5280.
[2026-08-28T22:07:00.226Z][INFO] project:list-packages <-- Request received
params: {}
[2026-08-28T22:07:00.760Z][INFO] project:list-packages <-- Request received
params: {}
[2026-08-28T22:07:00.800Z][INFO] config:project:get-registries <-- Request received
params: {}
[2026-08-28T22:07:00.924Z][ERROR] Unexpected error fetching registry list config: Cannot connect to 'cdn.packages.unity.com' (error code: ENOTFOUND). Check your internet connection and verify that your environment firewall policies allow connection to this host name. If your system is behind a proxy, verify your proxy environment variables (HTTP_PROXY and HTTPS_PROXY) are properly set.
{
  stack: "Error: Cannot connect to 'cdn.packages.unity.com' (error code: ENOTFOUND). Check your internet connection and verify that your environment firewall policies allow connection to this host name. If your system is behind a proxy, verify your proxy environment variables (HTTP_PROXY and HTTPS_PROXY) are properly set.\n" +
    '    at convertHttpRequestErrorToUpmError (/home/bokken/build/output/unity/upm/dist/temp/bundle/app.js:144:9718)\n' +
    '    at runAxiosRequest (/home/bokken/build/output/unity/upm/dist/temp/bundle/app.js:144:12346)\n' +
    '    at process.processTicksAndRejections (node:internal/process/task_queues:104:5)\n' +
    '    at async Object.getJsonAndEtag (/home/bokken/build/output/unity/upm/dist/temp/bundle/app.js:145:107)\n' +
    '    at async fetchNonCompliantRegistries (/home/bokken/build/output/unity/upm/dist/temp/bundle/app.js:145:2594)\n' +
    '    at async /home/bokken/build/output/unity/upm/dist/temp/bundle/app.js:145:3524\n' +
    '    at async findMatchingNonCompliantRegistries (/home/bokken/build/output/unity/upm/dist/temp/bundle/app.js:145:4322)\n' +
    '    at async Object.getRegistryCompliance (/home/bokken/build/output/unity/upm/dist/temp/bundle/app.js:145:4967)\n' +
    '    at async getRegistryInfo (/home/bokken/build/output/unity/upm/dist/temp/bundle/app.js:173:9182)\n' +
    '    at async Object.getAllRegistryInfo (/home/bokken/build/output/unity/upm/dist/temp/bundle/app.js:173:9596)'
}
[2026-08-28T22:07:00.948Z][INFO] config:project:get-registries --> 200 (147 ms)
[2026-08-28T22:07:02.344Z][INFO] project:list-packages --> 200 (2118 ms)
[2026-08-28T22:07:02.354Z][INFO] project:list-packages --> 200 (1594 ms)
[2026-08-28T22:08:17.068Z][INFO] project:list-packages <-- Request received
params: {}
[2026-08-28T22:08:17.119Z][INFO] project:list-packages <-- Request received
params: {}
[2026-08-28T22:08:17.449Z][INFO] project:list-packages <-- Request received
params: {}
[2026-08-28T22:08:17.463Z][INFO] config:project:get-registries <-- Request received
params: {}
[2026-08-28T22:08:17.524Z][INFO] config:project:get-registries --> 200 (61 ms)
[2026-08-28T22:08:18.106Z][INFO] project:list-packages --> 200 (988 ms)
[2026-08-28T22:08:18.108Z][INFO] project:list-packages --> 200 (1040 ms)
[2026-08-28T22:08:18.297Z][INFO] project:list-packages --> 200 (848 ms)
[2026-08-28T22:08:32.675Z][INFO] packages:get-all-packageinfo <-- Request received
params: {}
[2026-08-28T22:08:32.690Z][INFO] packages:get-all-packageinfo <-- Request received
params: {}
[2026-08-28T22:08:32.755Z][ERROR] Error: Cannot connect to 'packages.unity.com' (error code: ENOTFOUND). Check your internet connection and verify that your environment firewall policies allow connection to this host name. If your system is behind a proxy, verify your proxy environment variables (HTTP_PROXY and HTTPS_PROXY) are properly set.
[2026-08-28T22:08:32.862Z][INFO] packages:get-all-packageinfo --> 504 (187 ms)
[2026-08-28T22:08:44.289Z][INFO] packages:get-all-packageinfo --> 200 (11599 ms)
[2026-08-28T22:15:51.406Z][INFO] project:list-packages <-- Request received
params: {}
[2026-08-28T22:15:54.752Z][INFO] project:list-packages --> 200 (3481 ms)
[2026-08-28T22:48:28.245Z][INFO] project:list-packages <-- Request received
params: {}
[2026-08-28T22:48:28.386Z][INFO] packages:get-all-packageinfo <-- Request received
params: {}
[2026-08-28T22:48:28.389Z][INFO] project:list-packages <-- Request received
params: {}
[2026-08-28T22:48:32.123Z][INFO] packages:get-all-packageinfo --> 200 (3738 ms)
[2026-08-28T22:48:32.436Z][INFO] packages:get-packageinfo <-- Request received
params: {
  "packageId": "com.unity.addressables@2.9.1"
}
[2026-08-28T22:48:32.453Z][INFO] packages:get-packageinfo <-- Request received
params: {
  "packageId": "com.unity.ads.ios-support@1.0.1"
}
[2026-08-28T22:48:32.469Z][INFO] packages:get-packageinfo <-- Request received
params: {
  "packageId": "com.unity.learn.iet-framework@5.0.4"
}
[2026-08-28T22:48:32.490Z][INFO] packages:get-packageinfo <-- Request received
params: {
  "packageId": "com.unity.learn.iet-framework.authoring@1.5.4"
}
[2026-08-28T22:48:32.511Z][INFO] packages:get-packageinfo <-- Request received
params: {
  "packageId": "com.unity.project-auditor-rules@1.0.3"
}
[2026-08-28T22:48:32.512Z][INFO] packages:get-packageinfo <-- Request received
params: {
  "packageId": "com.unity.scriptablebuildpipeline@2.6.2"
}
[2026-08-28T22:48:32.542Z][INFO] packages:get-packageinfo <-- Request received
params: {
  "packageId": "com.unity.xr.androidxr-openxr@1.3.1"
}
[2026-08-28T22:48:32.543Z][INFO] packages:get-packageinfo <-- Request received
params: {
  "packageId": "com.unity.xr.arcore@6.5.0"
}
[2026-08-28T22:48:32.560Z][INFO] packages:get-packageinfo <-- Request received
params: {
  "packageId": "com.unity.xr.arfoundation@6.5.0"
}
[2026-08-28T22:48:32.561Z][INFO] packages:get-packageinfo <-- Request received
params: {
  "packageId": "com.unity.xr.arkit@6.5.0"
}
[2026-08-28T22:48:32.611Z][INFO] packages:get-packageinfo <-- Request received
params: {
  "packageId": "com.unity.xr.hands@1.8.1"
}
[2026-08-28T22:48:32.612Z][INFO] packages:get-packageinfo <-- Request received
params: {
  "packageId": "com.unity.xr.interaction.toolkit@3.5.1"
}
[2026-08-28T22:48:32.612Z][INFO] packages:get-packageinfo <-- Request received
params: {
  "packageId": "com.unity.xr.management@4.5.4"
}
[2026-08-28T22:48:32.669Z][INFO] packages:get-packageinfo <-- Request received
params: {
  "packageId": "com.unity.xr.meta-openxr@2.5.1"
}
[2026-08-28T22:48:32.670Z][INFO] packages:get-packageinfo <-- Request received
params: {
  "packageId": "com.unity.xr.openxr@1.17.1"
}
[2026-08-28T22:48:32.670Z][INFO] packages:get-packageinfo <-- Request received
params: {
  "packageId": "com.unity.services.friends@1.1.1"
}
[2026-08-28T22:48:32.671Z][INFO] packages:get-packageinfo <-- Request received
params: {
  "packageId": "com.unity.services.moderation@1.0.2"
}
[2026-08-28T22:48:33.015Z][INFO] packages:get-packageinfo --> 200 (344 ms)
[2026-08-28T22:48:33.029Z][INFO] packages:get-packageinfo --> 200 (359 ms)
[2026-08-28T22:48:33.253Z][INFO] packages:get-packageinfo --> 200 (742 ms)
[2026-08-28T22:48:33.254Z][INFO] packages:get-packageinfo --> 200 (801 ms)
[2026-08-28T22:48:33.262Z][INFO] packages:get-packageinfo --> 200 (792 ms)
[2026-08-28T22:48:33.265Z][INFO] packages:get-packageinfo --> 200 (753 ms)
[2026-08-28T22:48:33.267Z][INFO] packages:get-packageinfo --> 200 (777 ms)
[2026-08-28T22:48:33.276Z][INFO] packages:get-packageinfo --> 200 (733 ms)
[2026-08-28T22:48:33.287Z][INFO] packages:get-packageinfo --> 200 (851 ms)
[2026-08-28T22:48:33.291Z][INFO] packages:get-packageinfo --> 200 (749 ms)
[2026-08-28T22:48:33.331Z][INFO] packages:get-packageinfo --> 200 (720 ms)
[2026-08-28T22:48:33.337Z][INFO] packages:get-packageinfo --> 200 (725 ms)
[2026-08-28T22:48:33.346Z][INFO] packages:get-packageinfo --> 200 (785 ms)
[2026-08-28T22:48:33.349Z][INFO] packages:get-packageinfo --> 200 (680 ms)
[2026-08-28T22:48:33.354Z][INFO] packages:get-packageinfo --> 200 (684 ms)
[2026-08-28T22:48:33.368Z][INFO] packages:get-packageinfo --> 200 (808 ms)
[2026-08-28T22:48:33.413Z][INFO] packages:get-packageinfo --> 200 (801 ms)
[2026-08-28T22:48:33.681Z][INFO] project:list-packages --> 200 (5467 ms)
[2026-08-28T22:48:33.683Z][INFO] project:list-packages --> 200 (5294 ms)
[2026-08-28T22:50:30.172Z][INFO] project:add-remove-dependencies <-- Request received
params: {}
[2026-08-28T22:50:42.602Z][INFO] project:add-remove-dependencies --> 200 (12430 ms)
[2026-08-28T22:50:42.721Z][INFO] project:add-remove-dependencies <-- Request received
params: {}
[2026-08-28T22:50:43.141Z][INFO] project:add-remove-dependencies --> 200 (420 ms)
[2026-08-28T22:50:43.513Z][INFO] project:resolve-packages <-- Request received
params: {}
[2026-08-28T22:50:43.878Z][WARN] Requested version [1.8.17] for package [com.unity.burst] overridden by minimum version [1.8.30].
[2026-08-28T22:50:43.878Z][WARN] Requested version [1.3.6] for package [com.unity.dt.app-ui] overridden by minimum version [2.1.7].
[2026-08-28T22:50:43.878Z][WARN] Requested version [3.2.1] for package [com.unity.nuget.newtonsoft-json] overridden by minimum version [3.2.2].
[2026-08-28T22:50:43.878Z][WARN] Requested version [1.11.5] for package [com.unity.nuget.mono-cecil] overridden by minimum version [1.11.6].
[2026-08-28T22:50:43.878Z][WARN] Requested version [4.9.3] for package [com.unity.searcher] overridden by minimum version [4.9.5].
[2026-08-28T22:50:43.879Z][WARN] Requested version [2.0.0] for package [com.unity.settings-manager] overridden by minimum version [2.1.1].
[2026-08-28T22:50:43.879Z][WARN] Requested version [3.2.0] for package [com.unity.test-framework.performance] overridden by minimum version [3.5.0].
[2026-08-28T22:50:43.881Z][INFO] project:resolve-packages --> 200 (368 ms)
[2026-08-28T22:50:44.082Z][INFO] config:project:get-registries <-- Request received
params: {}
[2026-08-28T22:50:44.090Z][INFO] config:project:get-registries --> 200 (8 ms)
[2026-08-28T22:50:44.096Z][INFO] project:list-packages <-- Request received
params: {}
[2026-08-28T22:50:44.855Z][INFO] project:list-packages --> 200 (758 ms)
[2026-08-28T22:51:48.255Z][INFO] project:list-packages <-- Request received
params: {}
[2026-08-28T22:51:48.693Z][INFO] project:list-packages --> 200 (438 ms)
[2026-08-28T22:54:50.448Z][INFO] project:list-packages <-- Request received
params: {}
[2026-08-28T22:54:50.794Z][INFO] project:list-packages --> 200 (346 ms)
[2026-08-28T22:55:02.584Z][INFO] project:list-packages <-- Request received
params: {}
[2026-08-28T22:55:02.976Z][INFO] project:list-packages --> 200 (392 ms)
[2026-08-28T22:55:15.248Z][INFO] config:project:get-registries <-- Request received
params: {}
[2026-08-28T22:55:15.261Z][INFO] config:project:get-registries --> 200 (13 ms)
[2026-08-28T22:58:09.229Z][INFO] packages:get-packageinfo <-- Request received
params: {
  "packageId": "com.unity.ai.assistant"
}
[2026-08-28T22:58:10.000Z][INFO] packages:get-packageinfo --> 200 (803 ms)
[2026-08-28T23:01:00.093Z][INFO] project:list-packages <-- Request received
params: {}
[2026-08-28T23:01:01.982Z][INFO] project:list-packages --> 200 (1926 ms)
[2026-08-28T23:01:04.559Z][INFO] project:list-packages <-- Request received
params: {}
[2026-08-28T23:01:05.331Z][INFO] project:list-packages --> 200 (772 ms)
[2026-08-28T23:01:05.796Z][INFO] project:list-packages <-- Request received
params: {}
[2026-08-28T23:01:06.394Z][INFO] project:list-packages --> 200 (598 ms)
[2026-08-28T23:04:10.328Z][INFO] project:add-dependency <-- Request received
params: {
  "packageId": "com.unity.xr.management"
}
[2026-08-28T23:04:14.247Z][INFO] Downloading package [com.unity.xr.management@4.7.0] from registry 'https://packages.unity.com'
[2026-08-28T23:04:15.040Z][INFO] Finished downloading package [com.unity.xr.management@4.7.0] from registry 'https://packages.unity.com' (size: 378 kB, time: 786ms)
[2026-08-28T23:04:20.374Z][INFO] project:add-dependency --> 200 (10069 ms)
[2026-08-28T23:04:24.734Z][INFO] project:add-dependency <-- Request received
params: {
  "packageId": "com.unity.xr.management"
}
[2026-08-28T23:04:25.124Z][INFO] project:resolve-packages <-- Request received
params: {}
[2026-08-28T23:04:25.440Z][INFO] project:add-dependency --> 200 (705 ms)
[2026-08-28T23:04:26.011Z][WARN] Requested version [2.2.1] for package [com.unity.xr.core-utils] overridden by minimum version [2.6.0].
[2026-08-28T23:04:26.011Z][WARN] Requested version [2.1.11] for package [com.unity.xr.legacyinputhelpers] overridden by minimum version [3.0.1].
[2026-08-28T23:04:26.011Z][WARN] Requested version [1.8.17] for package [com.unity.burst] overridden by minimum version [1.8.30].
[2026-08-28T23:04:26.011Z][WARN] Requested version [1.3.6] for package [com.unity.dt.app-ui] overridden by minimum version [2.1.7].
[2026-08-28T23:04:26.011Z][WARN] Requested version [3.2.1] for package [com.unity.nuget.newtonsoft-json] overridden by minimum version [3.2.2].
[2026-08-28T23:04:26.012Z][WARN] Requested version [1.11.5] for package [com.unity.nuget.mono-cecil] overridden by minimum version [1.11.6].
[2026-08-28T23:04:26.012Z][WARN] Requested version [4.9.3] for package [com.unity.searcher] overridden by minimum version [4.9.5].
[2026-08-28T23:04:26.012Z][WARN] Requested version [2.0.0] for package [com.unity.settings-manager] overridden by minimum version [2.1.1].
[2026-08-28T23:04:26.012Z][WARN] Requested version [3.2.0] for package [com.unity.test-framework.performance] overridden by minimum version [3.5.0].
[2026-08-28T23:04:26.014Z][INFO] project:resolve-packages --> 200 (890 ms)
[2026-08-28T23:04:26.388Z][INFO] config:project:get-registries <-- Request received
params: {}
[2026-08-28T23:04:26.398Z][INFO] config:project:get-registries --> 200 (10 ms)
[2026-08-28T23:04:26.402Z][INFO] project:list-packages <-- Request received
params: {}
[2026-08-28T23:04:26.964Z][INFO] project:list-packages --> 200 (561 ms)
[2026-08-28T23:05:31.228Z][INFO] project:list-packages <-- Request received
params: {}
[2026-08-28T23:05:31.537Z][INFO] project:list-packages <-- Request received
params: {}
[2026-08-28T23:05:31.563Z][INFO] project:add-dependency <-- Request received
params: {
  "packageId": "com.unity.xr.management"
}
[2026-08-28T23:05:34.070Z][INFO] project:list-packages --> 200 (2863 ms)
[2026-08-28T23:05:34.074Z][INFO] project:list-packages --> 200 (2537 ms)
[2026-08-28T23:05:35.267Z][INFO] project:add-dependency --> 200 (3704 ms)
[2026-08-28T23:05:37.447Z][INFO] project:list-packages <-- Request received
params: {}
[2026-08-28T23:05:37.637Z][INFO] project:add-dependency <-- Request received
params: {
  "packageId": "com.unity.xr.management"
}
[2026-08-28T23:05:38.150Z][INFO] project:list-packages --> 200 (703 ms)
[2026-08-28T23:05:38.506Z][INFO] project:add-dependency --> 200 (869 ms)
[2026-08-28T23:05:38.659Z][INFO] project:add-dependency <-- Request received
params: {
  "packageId": "com.unity.xr.management"
}
[2026-08-28T23:05:39.175Z][INFO] project:add-dependency --> 200 (515 ms)
[2026-08-28T23:05:39.326Z][INFO] project:add-dependency <-- Request received
params: {
  "packageId": "com.unity.xr.management"
}
[2026-08-28T23:05:39.898Z][INFO] project:add-dependency --> 200 (572 ms)
[2026-08-28T23:06:22.216Z][INFO] project:add-remove-dependencies <-- Request received
params: {}
[2026-08-28T23:06:35.913Z][INFO] project:add-remove-dependencies --> 200 (13697 ms)
[2026-08-28T23:06:36.091Z][INFO] project:add-remove-dependencies <-- Request received
params: {}
[2026-08-28T23:06:36.928Z][INFO] project:add-remove-dependencies --> 200 (837 ms)
[2026-08-28T23:06:37.146Z][INFO] project:list-packages <-- Request received
params: {}
[2026-08-28T23:06:37.368Z][INFO] project:resolve-packages <-- Request received
params: {}
[2026-08-28T23:06:37.769Z][INFO] project:list-packages --> 200 (623 ms)
[2026-08-28T23:06:38.159Z][WARN] Requested version [2.2.1] for package [com.unity.xr.core-utils] overridden by minimum version [2.6.0].
[2026-08-28T23:06:38.159Z][WARN] Requested version [2.1.11] for package [com.unity.xr.legacyinputhelpers] overridden by minimum version [3.0.1].
[2026-08-28T23:06:38.159Z][WARN] Requested version [1.0.0] for package [com.unity.editorcoroutines] overridden by minimum version [1.1.0].
[2026-08-28T23:06:38.159Z][WARN] Requested version [1.8.17] for package [com.unity.burst] overridden by minimum version [1.8.30].
[2026-08-28T23:06:38.159Z][WARN] Requested version [1.3.6] for package [com.unity.dt.app-ui] overridden by minimum version [2.1.7].
[2026-08-28T23:06:38.160Z][WARN] Requested version [3.2.1] for package [com.unity.nuget.newtonsoft-json] overridden by minimum version [3.2.2].
[2026-08-28T23:06:38.160Z][WARN] Requested version [1.11.5] for package [com.unity.nuget.mono-cecil] overridden by minimum version [1.11.6].
[2026-08-28T23:06:38.160Z][WARN] Requested version [4.9.3] for package [com.unity.searcher] overridden by minimum version [4.9.5].
[2026-08-28T23:06:38.160Z][WARN] Requested version [2.0.0] for package [com.unity.settings-manager] overridden by minimum version [2.1.1].
[2026-08-28T23:06:38.160Z][WARN] Requested version [3.2.0] for package [com.unity.test-framework.performance] overridden by minimum version [3.5.0].
[2026-08-28T23:06:38.163Z][INFO] project:resolve-packages --> 200 (795 ms)
[2026-08-28T23:06:38.413Z][INFO] config:project:get-registries <-- Request received
params: {}
[2026-08-28T23:06:38.419Z][INFO] config:project:get-registries --> 200 (6 ms)
[2026-08-28T23:06:38.427Z][INFO] project:list-packages <-- Request received
params: {}
[2026-08-28T23:06:38.953Z][INFO] project:list-packages --> 200 (525 ms)
[2026-08-28T23:07:36.657Z][INFO] project:list-packages <-- Request received
params: {}
[2026-08-28T23:07:37.973Z][INFO] project:list-packages <-- Request received
params: {}
[2026-08-28T23:07:41.019Z][INFO] project:list-packages --> 200 (4421 ms)
[2026-08-28T23:07:41.200Z][INFO] project:list-packages --> 200 (3228 ms)
[2026-08-28T23:07:41.428Z][INFO] project:list-packages <-- Request received
params: {}
[2026-08-28T23:07:42.277Z][INFO] project:list-packages --> 200 (849 ms)
[2026-08-28T23:08:39.933Z][INFO] project:add-remove-dependencies <-- Request received
params: {}
[2026-08-28T23:08:47.391Z][INFO] project:add-remove-dependencies --> 200 (7462 ms)
[2026-08-28T23:08:47.559Z][INFO] project:add-remove-dependencies <-- Request received
params: {}
[2026-08-28T23:08:48.311Z][INFO] project:add-remove-dependencies --> 200 (752 ms)
[2026-08-28T23:08:48.563Z][INFO] project:list-packages <-- Request received
params: {}
[2026-08-28T23:08:48.729Z][INFO] project:resolve-packages <-- Request received
params: {}
[2026-08-28T23:08:49.297Z][INFO] project:list-packages --> 200 (734 ms)
[2026-08-28T23:08:49.620Z][WARN] Requested version [2.2.1] for package [com.unity.xr.core-utils] overridden by minimum version [2.6.0].
[2026-08-28T23:08:49.620Z][WARN] Requested version [2.1.11] for package [com.unity.xr.legacyinputhelpers] overridden by minimum version [3.0.1].
[2026-08-28T23:08:49.620Z][WARN] Requested version [1.0.0] for package [com.unity.editorcoroutines] overridden by minimum version [1.1.0].
[2026-08-28T23:08:49.620Z][WARN] Requested version [1.8.17] for package [com.unity.burst] overridden by minimum version [1.8.30].
[2026-08-28T23:08:49.620Z][WARN] Requested version [1.3.6] for package [com.unity.dt.app-ui] overridden by minimum version [2.1.7].
[2026-08-28T23:08:49.620Z][WARN] Requested version [3.2.1] for package [com.unity.nuget.newtonsoft-json] overridden by minimum version [3.2.2].
[2026-08-28T23:08:49.620Z][WARN] Requested version [1.11.5] for package [com.unity.nuget.mono-cecil] overridden by minimum version [1.11.6].
[2026-08-28T23:08:49.620Z][WARN] Requested version [4.9.3] for package [com.unity.searcher] overridden by minimum version [4.9.5].
[2026-08-28T23:08:49.620Z][WARN] Requested version [2.0.0] for package [com.unity.settings-manager] overridden by minimum version [2.1.1].
[2026-08-28T23:08:49.620Z][WARN] Requested version [3.2.0] for package [com.unity.test-framework.performance] overridden by minimum version [3.5.0].
[2026-08-28T23:08:49.623Z][INFO] project:resolve-packages --> 200 (893 ms)
[2026-08-28T23:08:49.885Z][INFO] config:project:get-registries <-- Request received
params: {}
[2026-08-28T23:08:49.893Z][INFO] config:project:get-registries --> 200 (8 ms)
[2026-08-28T23:08:49.899Z][INFO] project:list-packages <-- Request received
params: {}
[2026-08-28T23:08:50.637Z][INFO] project:list-packages --> 200 (738 ms)
[2026-08-28T23:09:22.249Z][INFO] project:list-packages <-- Request received
params: {}
[2026-08-28T23:09:22.816Z][INFO] project:list-packages <-- Request received
params: {}
[2026-08-28T23:09:23.105Z][INFO] project:list-packages --> 200 (861 ms)
[2026-08-28T23:09:23.633Z][INFO] project:list-packages --> 200 (817 ms)
[2026-08-28T23:09:24.062Z][INFO] project:list-packages <-- Request received
params: {}
[2026-08-28T23:09:24.716Z][INFO] project:list-packages --> 200 (654 ms)
[2026-08-28T23:09:41.343Z][INFO] project:add-remove-dependencies <-- Request received
params: {}
[2026-08-28T23:09:47.654Z][INFO] project:add-remove-dependencies --> 200 (6311 ms)
[2026-08-28T23:09:47.785Z][INFO] project:add-remove-dependencies <-- Request received
params: {}
[2026-08-28T23:09:48.580Z][INFO] project:add-remove-dependencies --> 200 (795 ms)
[2026-08-28T23:09:48.705Z][INFO] project:list-packages <-- Request received
params: {}
[2026-08-28T23:09:48.774Z][INFO] project:resolve-packages <-- Request received
params: {}
[2026-08-28T23:09:49.441Z][INFO] project:list-packages --> 200 (736 ms)
[2026-08-28T23:09:49.695Z][WARN] Requested version [2.2.1] for package [com.unity.xr.core-utils] overridden by minimum version [2.6.0].
[2026-08-28T23:09:49.695Z][WARN] Requested version [2.1.11] for package [com.unity.xr.legacyinputhelpers] overridden by minimum version [3.0.1].
[2026-08-28T23:09:49.695Z][WARN] Requested version [1.0.0] for package [com.unity.editorcoroutines] overridden by minimum version [1.1.0].
[2026-08-28T23:09:49.695Z][WARN] Requested version [1.8.17] for package [com.unity.burst] overridden by minimum version [1.8.30].
[2026-08-28T23:09:49.695Z][WARN] Requested version [1.3.6] for package [com.unity.dt.app-ui] overridden by minimum version [2.1.7].
[2026-08-28T23:09:49.695Z][WARN] Requested version [3.2.1] for package [com.unity.nuget.newtonsoft-json] overridden by minimum version [3.2.2].
[2026-08-28T23:09:49.695Z][WARN] Requested version [1.11.5] for package [com.unity.nuget.mono-cecil] overridden by minimum version [1.11.6].
[2026-08-28T23:09:49.695Z][WARN] Requested version [4.9.3] for package [com.unity.searcher] overridden by minimum version [4.9.5].
[2026-08-28T23:09:49.695Z][WARN] Requested version [2.0.0] for package [com.unity.settings-manager] overridden by minimum version [2.1.1].
[2026-08-28T23:09:49.695Z][WARN] Requested version [3.2.0] for package [com.unity.test-framework.performance] overridden by minimum version [3.5.0].
[2026-08-28T23:09:49.698Z][INFO] project:resolve-packages --> 200 (924 ms)
[2026-08-28T23:09:49.918Z][INFO] config:project:get-registries <-- Request received
params: {}
[2026-08-28T23:09:49.925Z][INFO] config:project:get-registries --> 200 (7 ms)
[2026-08-28T23:09:49.928Z][INFO] project:list-packages <-- Request received
params: {}
[2026-08-28T23:09:50.820Z][INFO] project:list-packages --> 200 (892 ms)
[2026-08-28T23:10:21.909Z][INFO] project:list-packages <-- Request received
params: {}
[2026-08-28T23:10:22.434Z][INFO] project:list-packages <-- Request received
params: {}
[2026-08-28T23:10:22.555Z][INFO] project:list-packages --> 200 (646 ms)
[2026-08-28T23:10:23.159Z][INFO] project:list-packages --> 200 (725 ms)
[2026-08-28T23:10:23.558Z][INFO] project:list-packages <-- Request received
params: {}
[2026-08-28T23:10:24.259Z][INFO] project:list-packages --> 200 (701 ms)
[2026-08-28T23:18:06.007Z][INFO] Shutting down UnityPackageManager.exe: parent process [5280] is no longer running.
